06:38:23 **** Build of project test_ad9250_bsp ****
make -k all 
"Running Make include in sys_mb/libsrc/bram_v4_3/src"
make -C sys_mb/libsrc/bram_v4_3/src -s include  "SHELL=CMD" "COMPILER=mb-gcc" "ARCHIVER=mb-ar" "COMPILER_FLAGS=  -O2 -c -mcpu=v11.0 -mlittle-endian -mno-xl-soft-div -mno-xl-soft-mul -mxl-barrel-shift -mxl-multiply-high -mxl-pattern-compare" "EXTRA_COMPILER_FLAGS=-ffunction-sections -fdata-sections -Wall -Wextra"
"Running Make include in sys_mb/libsrc/cpu_v2_9/src"
make -C sys_mb/libsrc/cpu_v2_9/src -s include  "SHELL=CMD" "COMPILER=mb-gcc" "ARCHIVER=mb-ar" "COMPILER_FLAGS=  -O2 -c -mcpu=v11.0 -mlittle-endian -mno-xl-soft-div -mno-xl-soft-mul -mxl-barrel-shift -mxl-multiply-high -mxl-pattern-compare" "EXTRA_COMPILER_FLAGS=-ffunction-sections -fdata-sections -Wall -Wextra"
"Running Make include in sys_mb/libsrc/gpio_v4_4/src"
make -C sys_mb/libsrc/gpio_v4_4/src -s include  "SHELL=CMD" "COMPILER=mb-gcc" "ARCHIVER=mb-ar" "COMPILER_FLAGS=  -O2 -c -mcpu=v11.0 -mlittle-endian -mno-xl-soft-div -mno-xl-soft-mul -mxl-barrel-shift -mxl-multiply-high -mxl-pattern-compare" "EXTRA_COMPILER_FLAGS=-ffunction-sections -fdata-sections -Wall -Wextra"
"Running Make include in sys_mb/libsrc/intc_v3_9/src"
make -C sys_mb/libsrc/intc_v3_9/src -s include  "SHELL=CMD" "COMPILER=mb-gcc" "ARCHIVER=mb-ar" "COMPILER_FLAGS=  -O2 -c -mcpu=v11.0 -mlittle-endian -mno-xl-soft-div -mno-xl-soft-mul -mxl-barrel-shift -mxl-multiply-high -mxl-pattern-compare" "EXTRA_COMPILER_FLAGS=-ffunction-sections -fdata-sections -Wall -Wextra"
"Running Make include in sys_mb/libsrc/spi_v4_4/src"
make -C sys_mb/libsrc/spi_v4_4/src -s include  "SHELL=CMD" "COMPILER=mb-gcc" "ARCHIVER=mb-ar" "COMPILER_FLAGS=  -O2 -c -mcpu=v11.0 -mlittle-endian -mno-xl-soft-div -mno-xl-soft-mul -mxl-barrel-shift -mxl-multiply-high -mxl-pattern-compare" "EXTRA_COMPILER_FLAGS=-ffunction-sections -fdata-sections -Wall -Wextra"
"Running Make include in sys_mb/libsrc/standalone_v7_0/src"
make -C sys_mb/libsrc/standalone_v7_0/src -s include  "SHELL=CMD" "COMPILER=mb-gcc" "ARCHIVER=mb-ar" "COMPILER_FLAGS=  -O2 -c -mcpu=v11.0 -mlittle-endian -mno-xl-soft-div -mno-xl-soft-mul -mxl-barrel-shift -mxl-multiply-high -mxl-pattern-compare" "EXTRA_COMPILER_FLAGS=-ffunction-sections -fdata-sections -Wall -Wextra"
"Running Make include in sys_mb/libsrc/uartlite_v3_2/src"
make -C sys_mb/libsrc/uartlite_v3_2/src -s include  "SHELL=CMD" "COMPILER=mb-gcc" "ARCHIVER=mb-ar" "COMPILER_FLAGS=  -O2 -c -mcpu=v11.0 -mlittle-endian -mno-xl-soft-div -mno-xl-soft-mul -mxl-barrel-shift -mxl-multiply-high -mxl-pattern-compare" "EXTRA_COMPILER_FLAGS=-ffunction-sections -fdata-sections -Wall -Wextra"
"Running Make libs in sys_mb/libsrc/bram_v4_3/src"
make -C sys_mb/libsrc/bram_v4_3/src -s libs  "SHELL=CMD" "COMPILER=mb-gcc" "ARCHIVER=mb-ar" "COMPILER_FLAGS=  -O2 -c -mcpu=v11.0 -mlittle-endian -mno-xl-soft-div -mno-xl-soft-mul -mxl-barrel-shift -mxl-multiply-high -mxl-pattern-compare" "EXTRA_COMPILER_FLAGS=-ffunction-sections -fdata-sections -Wall -Wextra"
"Compiling bram"
mb-ar: creating ../../../lib/libxil.a
"Running Make libs in sys_mb/libsrc/cpu_v2_9/src"
make -C sys_mb/libsrc/cpu_v2_9/src -s libs  "SHELL=CMD" "COMPILER=mb-gcc" "ARCHIVER=mb-ar" "COMPILER_FLAGS=  -O2 -c -mcpu=v11.0 -mlittle-endian -mno-xl-soft-div -mno-xl-soft-mul -mxl-barrel-shift -mxl-multiply-high -mxl-pattern-compare" "EXTRA_COMPILER_FLAGS=-ffunction-sections -fdata-sections -Wall -Wextra"
"Compiling cpu"
"Running Make libs in sys_mb/libsrc/gpio_v4_4/src"
make -C sys_mb/libsrc/gpio_v4_4/src -s libs  "SHELL=CMD" "COMPILER=mb-gcc" "ARCHIVER=mb-ar" "COMPILER_FLAGS=  -O2 -c -mcpu=v11.0 -mlittle-endian -mno-xl-soft-div -mno-xl-soft-mul -mxl-barrel-shift -mxl-multiply-high -mxl-pattern-compare" "EXTRA_COMPILER_FLAGS=-ffunction-sections -fdata-sections -Wall -Wextra"
"Compiling gpio"
"Running Make libs in sys_mb/libsrc/intc_v3_9/src"
make -C sys_mb/libsrc/intc_v3_9/src -s libs  "SHELL=CMD" "COMPILER=mb-gcc" "ARCHIVER=mb-ar" "COMPILER_FLAGS=  -O2 -c -mcpu=v11.0 -mlittle-endian -mno-xl-soft-div -mno-xl-soft-mul -mxl-barrel-shift -mxl-multiply-high -mxl-pattern-compare" "EXTRA_COMPILER_FLAGS=-ffunction-sections -fdata-sections -Wall -Wextra"
"Compiling intc"
"Running Make libs in sys_mb/libsrc/spi_v4_4/src"
make -C sys_mb/libsrc/spi_v4_4/src -s libs  "SHELL=CMD" "COMPILER=mb-gcc" "ARCHIVER=mb-ar" "COMPILER_FLAGS=  -O2 -c -mcpu=v11.0 -mlittle-endian -mno-xl-soft-div -mno-xl-soft-mul -mxl-barrel-shift -mxl-multiply-high -mxl-pattern-compare" "EXTRA_COMPILER_FLAGS=-ffunction-sections -fdata-sections -Wall -Wextra"
"Compiling spi"
"Running Make libs in sys_mb/libsrc/standalone_v7_0/src"
make -C sys_mb/libsrc/standalone_v7_0/src -s libs  "SHELL=CMD" "COMPILER=mb-gcc" "ARCHIVER=mb-ar" "COMPILER_FLAGS=  -O2 -c -mcpu=v11.0 -mlittle-endian -mno-xl-soft-div -mno-xl-soft-mul -mxl-barrel-shift -mxl-multiply-high -mxl-pattern-compare" "EXTRA_COMPILER_FLAGS=-ffunction-sections -fdata-sections -Wall -Wextra"
"Compiling standalone";
microblaze_sleep.c:77:9: note: #pragma message: For the sleep routines, assembly instructions are used
 #pragma message ("For the sleep routines, assembly instructions are used")
         ^~~~~~~
"Running Make libs in sys_mb/libsrc/uartlite_v3_2/src"
make -C sys_mb/libsrc/uartlite_v3_2/src -s libs  "SHELL=CMD" "COMPILER=mb-gcc" "ARCHIVER=mb-ar" "COMPILER_FLAGS=  -O2 -c -mcpu=v11.0 -mlittle-endian -mno-xl-soft-div -mno-xl-soft-mul -mxl-barrel-shift -mxl-multiply-high -mxl-pattern-compare" "EXTRA_COMPILER_FLAGS=-ffunction-sections -fdata-sections -Wall -Wextra"
"Compiling uartlite"
'Finished building libraries'
06:38:35 **** Build of configuration Debug for project test_ad9250 ****
make all 
'Building file: ../src/helloworld.c'
'Invoking: MicroBlaze gcc compiler'
mb-gcc -Wall -O0 -g3 -c -fmessage-length=0 -MT"src/helloworld.o" -I../../test_ad9250_bsp/sys_mb/include -mlittle-endian -mxl-barrel-shift -mxl-pattern-compare -mno-xl-soft-div -mcpu=v11.0 -mno-xl-soft-mul -mxl-multiply-high -Wl,--no-relax -ffunction-sections -fdata-sections -MMD -MP -MF"src/helloworld.d" -MT"src/helloworld.o" -o "src/helloworld.o" "../src/helloworld.c"
'Finished building: ../src/helloworld.c'
' '
'Building file: ../src/platform.c'
'Invoking: MicroBlaze gcc compiler'
mb-gcc -Wall -O0 -g3 -c -fmessage-length=0 -MT"src/platform.o" -I../../test_ad9250_bsp/sys_mb/include -mlittle-endian -mxl-barrel-shift -mxl-pattern-compare -mno-xl-soft-div -mcpu=v11.0 -mno-xl-soft-mul -mxl-multiply-high -Wl,--no-relax -ffunction-sections -fdata-sections -MMD -MP -MF"src/platform.d" -MT"src/platform.o" -o "src/platform.o" "../src/platform.c"
'Finished building: ../src/platform.c'
' '
'Building target: test_ad9250.elf'
'Invoking: MicroBlaze gcc linker'
mb-gcc -Wl,-T -Wl,../src/lscript.ld -L../../test_ad9250_bsp/sys_mb/lib -mlittle-endian -mxl-barrel-shift -mxl-pattern-compare -mno-xl-soft-div -mcpu=v11.0 -mno-xl-soft-mul -mxl-multiply-high -Wl,--no-relax -Wl,--gc-sections -o "test_ad9250.elf"  ./src/helloworld.o ./src/platform.o   -Wl,--start-group,-lxil,-lgcc,-lc,--end-group
'Finished building target: test_ad9250.elf'
' '
'Invoking: MicroBlaze Print Size'
mb-size test_ad9250.elf  |tee "test_ad9250.elf.size"
   text	   data	    bss	    dec	    hex	filename
   3864	    504	   3104	   7472	   1d30	test_ad9250.elf
'Finished building: test_ad9250.elf.size'
' '
06:39:16 **** Auto Build of configuration Debug for project test_ad9250 ****
make all 
'Building file: ../src/fmcjesdadc1.c'
'Invoking: MicroBlaze gcc compiler'
mb-gcc -Wall -O0 -g3 -c -fmessage-length=0 -MT"src/fmcjesdadc1.o" -I../../test_ad9250_bsp/sys_mb/include -mlittle-endian -mxl-barrel-shift -mxl-pattern-compare -mno-xl-soft-div -mcpu=v11.0 -mno-xl-soft-mul -mxl-multiply-high -Wl,--no-relax -ffunction-sections -fdata-sections -MMD -MP -MF"src/fmcjesdadc1.d" -MT"src/fmcjesdadc1.o" -o "src/fmcjesdadc1.o" "../src/fmcjesdadc1.c"
../src/fmcjesdadc1.c:47:10: fatal error: drivers/adc/ad9250/ad9250.h: No such file or directory
 #include "drivers/adc/ad9250/ad9250.h"
          ^~~~~~~~~~~~~~~~~~~~~~~~~~~~~
compilation terminated.
make: *** [src/subdir.mk:29: src/fmcjesdadc1.o] Error 1
06:39:25 **** Clean-only build of configuration Debug for project test_ad9250 ****
make clean 
rm -rf  ./src/fmcjesdadc1.o ./src/helloworld.o ./src/platform.o  ./src/fmcjesdadc1.d ./src/helloworld.d ./src/platform.d  test_ad9250.elf.size  test_ad9250.elf
' '
06:39:25 **** Auto Build of configuration Debug for project test_ad9250 ****
make all 
'Building file: ../src/fmcjesdadc1.c'
'Invoking: MicroBlaze gcc compiler'
mb-gcc -Wall -O0 -g3 -c -fmessage-length=0 -MT"src/fmcjesdadc1.o" -I../../test_ad9250_bsp/sys_mb/include -mlittle-endian -mxl-barrel-shift -mxl-pattern-compare -mno-xl-soft-div -mcpu=v11.0 -mno-xl-soft-mul -mxl-multiply-high -Wl,--no-relax -ffunction-sections -fdata-sections -MMD -MP -MF"src/fmcjesdadc1.d" -MT"src/fmcjesdadc1.o" -o "src/fmcjesdadc1.o" "../src/fmcjesdadc1.c"
../src/fmcjesdadc1.c:47:10: fatal error: drivers/adc/ad9250/ad9250.h: No such file or directory
 #include "drivers/adc/ad9250/ad9250.h"
          ^~~~~~~~~~~~~~~~~~~~~~~~~~~~~
compilation terminated.
make: *** [src/subdir.mk:26: src/fmcjesdadc1.o] Error 1
06:39:37 **** Auto Build of configuration Debug for project test_ad9250 ****
make all 
'Building file: ../src/drivers/spi/spi.c'
'Invoking: MicroBlaze gcc compiler'
mb-gcc -Wall -O0 -g3 -c -fmessage-length=0 -MT"src/drivers/spi/spi.o" -I../../test_ad9250_bsp/sys_mb/include -mlittle-endian -mxl-barrel-shift -mxl-pattern-compare -mno-xl-soft-div -mcpu=v11.0 -mno-xl-soft-mul -mxl-multiply-high -Wl,--no-relax -ffunction-sections -fdata-sections -MMD -MP -MF"src/drivers/spi/spi.d" -MT"src/drivers/spi/spi.o" -o "src/drivers/spi/spi.o" "../src/drivers/spi/spi.c"
../src/drivers/spi/spi.c:41:10: fatal error: ../../include/spi.h: No such file or directory
 #include "../../include/spi.h"
          ^~~~~~~~~~~~~~~~~~~~~
compilation terminated.
make: *** [src/drivers/spi/subdir.mk:20: src/drivers/spi/spi.o] Error 1
06:39:44 **** Auto Build of configuration Debug for project test_ad9250 ****
make all 
'Building file: ../src/drivers/spi/spi.c'
'Invoking: MicroBlaze gcc compiler'
mb-gcc -Wall -O0 -g3 -c -fmessage-length=0 -MT"src/drivers/spi/spi.o" -I../../test_ad9250_bsp/sys_mb/include -mlittle-endian -mxl-barrel-shift -mxl-pattern-compare -mno-xl-soft-div -mcpu=v11.0 -mno-xl-soft-mul -mxl-multiply-high -Wl,--no-relax -ffunction-sections -fdata-sections -MMD -MP -MF"src/drivers/spi/spi.d" -MT"src/drivers/spi/spi.o" -o "src/drivers/spi/spi.o" "../src/drivers/spi/spi.c"
'Finished building: ../src/drivers/spi/spi.c'
' '
'Building file: ../src/drivers/platform/xilinx/axi_io.c'
'Invoking: MicroBlaze gcc compiler'
mb-gcc -Wall -O0 -g3 -c -fmessage-length=0 -MT"src/drivers/platform/xilinx/axi_io.o" -I../../test_ad9250_bsp/sys_mb/include -mlittle-endian -mxl-barrel-shift -mxl-pattern-compare -mno-xl-soft-div -mcpu=v11.0 -mno-xl-soft-mul -mxl-multiply-high -Wl,--no-relax -ffunction-sections -fdata-sections -MMD -MP -MF"src/drivers/platform/xilinx/axi_io.d" -MT"src/drivers/platform/xilinx/axi_io.o" -o "src/drivers/platform/xilinx/axi_io.o" "../src/drivers/platform/xilinx/axi_io.c"
'Finished building: ../src/drivers/platform/xilinx/axi_io.c'
' '
'Building file: ../src/drivers/platform/xilinx/delay.c'
'Invoking: MicroBlaze gcc compiler'
mb-gcc -Wall -O0 -g3 -c -fmessage-length=0 -MT"src/drivers/platform/xilinx/delay.o" -I../../test_ad9250_bsp/sys_mb/include -mlittle-endian -mxl-barrel-shift -mxl-pattern-compare -mno-xl-soft-div -mcpu=v11.0 -mno-xl-soft-mul -mxl-multiply-high -Wl,--no-relax -ffunction-sections -fdata-sections -MMD -MP -MF"src/drivers/platform/xilinx/delay.d" -MT"src/drivers/platform/xilinx/delay.o" -o "src/drivers/platform/xilinx/delay.o" "../src/drivers/platform/xilinx/delay.c"
'Finished building: ../src/drivers/platform/xilinx/delay.c'
' '
'Building file: ../src/drivers/platform/xilinx/gpio.c'
'Invoking: MicroBlaze gcc compiler'
mb-gcc -Wall -O0 -g3 -c -fmessage-length=0 -MT"src/drivers/platform/xilinx/gpio.o" -I../../test_ad9250_bsp/sys_mb/include -mlittle-endian -mxl-barrel-shift -mxl-pattern-compare -mno-xl-soft-div -mcpu=v11.0 -mno-xl-soft-mul -mxl-multiply-high -Wl,--no-relax -ffunction-sections -fdata-sections -MMD -MP -MF"src/drivers/platform/xilinx/gpio.d" -MT"src/drivers/platform/xilinx/gpio.o" -o "src/drivers/platform/xilinx/gpio.o" "../src/drivers/platform/xilinx/gpio.c"
'Finished building: ../src/drivers/platform/xilinx/gpio.c'
' '
'Building file: ../src/drivers/platform/xilinx/xilinx_gpio.c'
'Invoking: MicroBlaze gcc compiler'
mb-gcc -Wall -O0 -g3 -c -fmessage-length=0 -MT"src/drivers/platform/xilinx/xilinx_gpio.o" -I../../test_ad9250_bsp/sys_mb/include -mlittle-endian -mxl-barrel-shift -mxl-pattern-compare -mno-xl-soft-div -mcpu=v11.0 -mno-xl-soft-mul -mxl-multiply-high -Wl,--no-relax -ffunction-sections -fdata-sections -MMD -MP -MF"src/drivers/platform/xilinx/xilinx_gpio.d" -MT"src/drivers/platform/xilinx/xilinx_gpio.o" -o "src/drivers/platform/xilinx/xilinx_gpio.o" "../src/drivers/platform/xilinx/xilinx_gpio.c"
'Finished building: ../src/drivers/platform/xilinx/xilinx_gpio.c'
' '
'Building file: ../src/drivers/platform/xilinx/xilinx_spi.c'
'Invoking: MicroBlaze gcc compiler'
mb-gcc -Wall -O0 -g3 -c -fmessage-length=0 -MT"src/drivers/platform/xilinx/xilinx_spi.o" -I../../test_ad9250_bsp/sys_mb/include -mlittle-endian -mxl-barrel-shift -mxl-pattern-compare -mno-xl-soft-div -mcpu=v11.0 -mno-xl-soft-mul -mxl-multiply-high -Wl,--no-relax -ffunction-sections -fdata-sections -MMD -MP -MF"src/drivers/platform/xilinx/xilinx_spi.d" -MT"src/drivers/platform/xilinx/xilinx_spi.o" -o "src/drivers/platform/xilinx/xilinx_spi.o" "../src/drivers/platform/xilinx/xilinx_spi.c"
'Finished building: ../src/drivers/platform/xilinx/xilinx_spi.c'
' '
'Building file: ../src/drivers/io-expander/demux_spi/demux_spi.c'
'Invoking: MicroBlaze gcc compiler'
mb-gcc -Wall -O0 -g3 -c -fmessage-length=0 -MT"src/drivers/io-expander/demux_spi/demux_spi.o" -I../../test_ad9250_bsp/sys_mb/include -mlittle-endian -mxl-barrel-shift -mxl-pattern-compare -mno-xl-soft-div -mcpu=v11.0 -mno-xl-soft-mul -mxl-multiply-high -Wl,--no-relax -ffunction-sections -fdata-sections -MMD -MP -MF"src/drivers/io-expander/demux_spi/demux_spi.d" -MT"src/drivers/io-expander/demux_spi/demux_spi.o" -o "src/drivers/io-expander/demux_spi/demux_spi.o" "../src/drivers/io-expander/demux_spi/demux_spi.c"
'Finished building: ../src/drivers/io-expander/demux_spi/demux_spi.c'
' '
'Building file: ../src/drivers/frequency/ad9517/ad9517.c'
'Invoking: MicroBlaze gcc compiler'
mb-gcc -Wall -O0 -g3 -c -fmessage-length=0 -MT"src/drivers/frequency/ad9517/ad9517.o" -I../../test_ad9250_bsp/sys_mb/include -mlittle-endian -mxl-barrel-shift -mxl-pattern-compare -mno-xl-soft-div -mcpu=v11.0 -mno-xl-soft-mul -mxl-multiply-high -Wl,--no-relax -ffunction-sections -fdata-sections -MMD -MP -MF"src/drivers/frequency/ad9517/ad9517.d" -MT"src/drivers/frequency/ad9517/ad9517.o" -o "src/drivers/frequency/ad9517/ad9517.o" "../src/drivers/frequency/ad9517/ad9517.c"
'Finished building: ../src/drivers/frequency/ad9517/ad9517.c'
' '
'Building file: ../src/drivers/axi_core/jesd204/axi_adxcvr.c'
'Invoking: MicroBlaze gcc compiler'
mb-gcc -Wall -O0 -g3 -c -fmessage-length=0 -MT"src/drivers/axi_core/jesd204/axi_adxcvr.o" -I../../test_ad9250_bsp/sys_mb/include -mlittle-endian -mxl-barrel-shift -mxl-pattern-compare -mno-xl-soft-div -mcpu=v11.0 -mno-xl-soft-mul -mxl-multiply-high -Wl,--no-relax -ffunction-sections -fdata-sections -MMD -MP -MF"src/drivers/axi_core/jesd204/axi_adxcvr.d" -MT"src/drivers/axi_core/jesd204/axi_adxcvr.o" -o "src/drivers/axi_core/jesd204/axi_adxcvr.o" "../src/drivers/axi_core/jesd204/axi_adxcvr.c"
'Finished building: ../src/drivers/axi_core/jesd204/axi_adxcvr.c'
' '
'Building file: ../src/drivers/axi_core/jesd204/axi_jesd204_rx.c'
'Invoking: MicroBlaze gcc compiler'
mb-gcc -Wall -O0 -g3 -c -fmessage-length=0 -MT"src/drivers/axi_core/jesd204/axi_jesd204_rx.o" -I../../test_ad9250_bsp/sys_mb/include -mlittle-endian -mxl-barrel-shift -mxl-pattern-compare -mno-xl-soft-div -mcpu=v11.0 -mno-xl-soft-mul -mxl-multiply-high -Wl,--no-relax -ffunction-sections -fdata-sections -MMD -MP -MF"src/drivers/axi_core/jesd204/axi_jesd204_rx.d" -MT"src/drivers/axi_core/jesd204/axi_jesd204_rx.o" -o "src/drivers/axi_core/jesd204/axi_jesd204_rx.o" "../src/drivers/axi_core/jesd204/axi_jesd204_rx.c"
'Finished building: ../src/drivers/axi_core/jesd204/axi_jesd204_rx.c'
' '
'Building file: ../src/drivers/axi_core/jesd204/xilinx_transceiver.c'
'Invoking: MicroBlaze gcc compiler'
mb-gcc -Wall -O0 -g3 -c -fmessage-length=0 -MT"src/drivers/axi_core/jesd204/xilinx_transceiver.o" -I../../test_ad9250_bsp/sys_mb/include -mlittle-endian -mxl-barrel-shift -mxl-pattern-compare -mno-xl-soft-div -mcpu=v11.0 -mno-xl-soft-mul -mxl-multiply-high -Wl,--no-relax -ffunction-sections -fdata-sections -MMD -MP -MF"src/drivers/axi_core/jesd204/xilinx_transceiver.d" -MT"src/drivers/axi_core/jesd204/xilinx_transceiver.o" -o "src/drivers/axi_core/jesd204/xilinx_transceiver.o" "../src/drivers/axi_core/jesd204/xilinx_transceiver.c"
'Finished building: ../src/drivers/axi_core/jesd204/xilinx_transceiver.c'
' '
'Building file: ../src/drivers/axi_core/clk_axi_clkgen/clk_axi_clkgen.c'
'Invoking: MicroBlaze gcc compiler'
mb-gcc -Wall -O0 -g3 -c -fmessage-length=0 -MT"src/drivers/axi_core/clk_axi_clkgen/clk_axi_clkgen.o" -I../../test_ad9250_bsp/sys_mb/include -mlittle-endian -mxl-barrel-shift -mxl-pattern-compare -mno-xl-soft-div -mcpu=v11.0 -mno-xl-soft-mul -mxl-multiply-high -Wl,--no-relax -ffunction-sections -fdata-sections -MMD -MP -MF"src/drivers/axi_core/clk_axi_clkgen/clk_axi_clkgen.d" -MT"src/drivers/axi_core/clk_axi_clkgen/clk_axi_clkgen.o" -o "src/drivers/axi_core/clk_axi_clkgen/clk_axi_clkgen.o" "../src/drivers/axi_core/clk_axi_clkgen/clk_axi_clkgen.c"
'Finished building: ../src/drivers/axi_core/clk_axi_clkgen/clk_axi_clkgen.c'
' '
'Building file: ../src/drivers/axi_core/axi_dmac/axi_dmac.c'
'Invoking: MicroBlaze gcc compiler'
mb-gcc -Wall -O0 -g3 -c -fmessage-length=0 -MT"src/drivers/axi_core/axi_dmac/axi_dmac.o" -I../../test_ad9250_bsp/sys_mb/include -mlittle-endian -mxl-barrel-shift -mxl-pattern-compare -mno-xl-soft-div -mcpu=v11.0 -mno-xl-soft-mul -mxl-multiply-high -Wl,--no-relax -ffunction-sections -fdata-sections -MMD -MP -MF"src/drivers/axi_core/axi_dmac/axi_dmac.d" -MT"src/drivers/axi_core/axi_dmac/axi_dmac.o" -o "src/drivers/axi_core/axi_dmac/axi_dmac.o" "../src/drivers/axi_core/axi_dmac/axi_dmac.c"
'Finished building: ../src/drivers/axi_core/axi_dmac/axi_dmac.c'
' '
'Building file: ../src/drivers/axi_core/axi_adc_core/axi_adc_core.c'
'Invoking: MicroBlaze gcc compiler'
mb-gcc -Wall -O0 -g3 -c -fmessage-length=0 -MT"src/drivers/axi_core/axi_adc_core/axi_adc_core.o" -I../../test_ad9250_bsp/sys_mb/include -mlittle-endian -mxl-barrel-shift -mxl-pattern-compare -mno-xl-soft-div -mcpu=v11.0 -mno-xl-soft-mul -mxl-multiply-high -Wl,--no-relax -ffunction-sections -fdata-sections -MMD -MP -MF"src/drivers/axi_core/axi_adc_core/axi_adc_core.d" -MT"src/drivers/axi_core/axi_adc_core/axi_adc_core.o" -o "src/drivers/axi_core/axi_adc_core/axi_adc_core.o" "../src/drivers/axi_core/axi_adc_core/axi_adc_core.c"
../src/drivers/axi_core/axi_adc_core/axi_adc_core.c: In function 'axi_adc_delay_set':
../src/drivers/axi_core/axi_adc_core/axi_adc_core.c:167:32: warning: format '%d' expects argument of type 'int', but argument 2 has type 'uint32_t' {aka 'long unsigned int'} [-Wformat=]
   printf(" pcore_version is : %d\n\r", pcore_version);
                               ~^       ~~~~~~~~~~~~~
                               %ld
../src/drivers/axi_core/axi_adc_core/axi_adc_core.c:175:32: warning: format '%d' expects argument of type 'int', but argument 2 has type 'uint32_t' {aka 'long unsigned int'} [-Wformat=]
     printf("adc_delay_1: sel(%2d), rcv(%04x), exp(%04x)\n\r",
                              ~~^
                              %2ld
            i, rdata, delay);
            ~                    
../src/drivers/axi_core/axi_adc_core/axi_adc_core.c:175:43: warning: format '%x' expects argument of type 'unsigned int', but argument 3 has type 'uint32_t' {aka 'long unsigned int'} [-Wformat=]
     printf("adc_delay_1: sel(%2d), rcv(%04x), exp(%04x)\n\r",
                                        ~~~^
                                        %04lx
            i, rdata, delay);
               ~~~~~                        
../src/drivers/axi_core/axi_adc_core/axi_adc_core.c:175:54: warning: format '%x' expects argument of type 'unsigned int', but argument 4 has type 'uint32_t' {aka 'long unsigned int'} [-Wformat=]
     printf("adc_delay_1: sel(%2d), rcv(%04x), exp(%04x)\n\r",
                                                   ~~~^
                                                   %04lx
            i, rdata, delay);
                      ~~~~~                            
'Finished building: ../src/drivers/axi_core/axi_adc_core/axi_adc_core.c'
' '
'Building file: ../src/drivers/adc/ad9250/ad9250.c'
'Invoking: MicroBlaze gcc compiler'
mb-gcc -Wall -O0 -g3 -c -fmessage-length=0 -MT"src/drivers/adc/ad9250/ad9250.o" -I../../test_ad9250_bsp/sys_mb/include -mlittle-endian -mxl-barrel-shift -mxl-pattern-compare -mno-xl-soft-div -mcpu=v11.0 -mno-xl-soft-mul -mxl-multiply-high -Wl,--no-relax -ffunction-sections -fdata-sections -MMD -MP -MF"src/drivers/adc/ad9250/ad9250.d" -MT"src/drivers/adc/ad9250/ad9250.o" -o "src/drivers/adc/ad9250/ad9250.o" "../src/drivers/adc/ad9250/ad9250.c"
'Finished building: ../src/drivers/adc/ad9250/ad9250.c'
' '
'Building file: ../src/fmcjesdadc1.c'
'Invoking: MicroBlaze gcc compiler'
mb-gcc -Wall -O0 -g3 -c -fmessage-length=0 -MT"src/fmcjesdadc1.o" -I../../test_ad9250_bsp/sys_mb/include -mlittle-endian -mxl-barrel-shift -mxl-pattern-compare -mno-xl-soft-div -mcpu=v11.0 -mno-xl-soft-mul -mxl-multiply-high -Wl,--no-relax -ffunction-sections -fdata-sections -MMD -MP -MF"src/fmcjesdadc1.d" -MT"src/fmcjesdadc1.o" -o "src/fmcjesdadc1.o" "../src/fmcjesdadc1.c"
../src/fmcjesdadc1.c:48:10: fatal error: parameters.h: No such file or directory
 #include "parameters.h"
          ^~~~~~~~~~~~~~
compilation terminated.
make: *** [src/subdir.mk:26: src/fmcjesdadc1.o] Error 1
06:39:53 **** Auto Build of configuration Debug for project test_ad9250 ****
make all 
'Building file: ../src/util/util.c'
'Invoking: MicroBlaze gcc compiler'
mb-gcc -Wall -O0 -g3 -c -fmessage-length=0 -MT"src/util/util.o" -I../../test_ad9250_bsp/sys_mb/include -mlittle-endian -mxl-barrel-shift -mxl-pattern-compare -mno-xl-soft-div -mcpu=v11.0 -mno-xl-soft-mul -mxl-multiply-high -Wl,--no-relax -ffunction-sections -fdata-sections -MMD -MP -MF"src/util/util.d" -MT"src/util/util.o" -o "src/util/util.o" "../src/util/util.c"
'Finished building: ../src/util/util.c'
' '
'Building file: ../src/fmcjesdadc1.c'
'Invoking: MicroBlaze gcc compiler'
mb-gcc -Wall -O0 -g3 -c -fmessage-length=0 -MT"src/fmcjesdadc1.o" -I../../test_ad9250_bsp/sys_mb/include -mlittle-endian -mxl-barrel-shift -mxl-pattern-compare -mno-xl-soft-div -mcpu=v11.0 -mno-xl-soft-mul -mxl-multiply-high -Wl,--no-relax -ffunction-sections -fdata-sections -MMD -MP -MF"src/fmcjesdadc1.d" -MT"src/fmcjesdadc1.o" -o "src/fmcjesdadc1.o" "../src/fmcjesdadc1.c"
../src/fmcjesdadc1.c:48:10: fatal error: parameters.h: No such file or directory
 #include "parameters.h"
          ^~~~~~~~~~~~~~
compilation terminated.
make: *** [src/subdir.mk:26: src/fmcjesdadc1.o] Error 1
06:40:05 **** Auto Build of configuration Debug for project test_ad9250 ****
make all 
'Building file: ../src/fmcjesdadc1.c'
'Invoking: MicroBlaze gcc compiler'
mb-gcc -Wall -O0 -g3 -c -fmessage-length=0 -MT"src/fmcjesdadc1.o" -I../../test_ad9250_bsp/sys_mb/include -mlittle-endian -mxl-barrel-shift -mxl-pattern-compare -mno-xl-soft-div -mcpu=v11.0 -mno-xl-soft-mul -mxl-multiply-high -Wl,--no-relax -ffunction-sections -fdata-sections -MMD -MP -MF"src/fmcjesdadc1.d" -MT"src/fmcjesdadc1.o" -o "src/fmcjesdadc1.o" "../src/fmcjesdadc1.c"
../src/fmcjesdadc1.c:48:10: fatal error: parameters.h: No such file or directory
 #include "parameters.h"
          ^~~~~~~~~~~~~~
compilation terminated.
make: *** [src/subdir.mk:26: src/fmcjesdadc1.o] Error 1
06:40:18 **** Auto Build of configuration Debug for project test_ad9250 ****
make all 
'Building file: ../src/fmcjesdadc1.c'
'Invoking: MicroBlaze gcc compiler'
mb-gcc -Wall -O0 -g3 -c -fmessage-length=0 -MT"src/fmcjesdadc1.o" -I../../test_ad9250_bsp/sys_mb/include -mlittle-endian -mxl-barrel-shift -mxl-pattern-compare -mno-xl-soft-div -mcpu=v11.0 -mno-xl-soft-mul -mxl-multiply-high -Wl,--no-relax -ffunction-sections -fdata-sections -MMD -MP -MF"src/fmcjesdadc1.d" -MT"src/fmcjesdadc1.o" -o "src/fmcjesdadc1.o" "../src/fmcjesdadc1.c"
In file included from ../src/fmcjesdadc1.c:48:
../src/fmcjesdadc1.c: In function 'main':
../src/parameters.h:71:28: error: 'XPAR_AXI_AD9250_CORE_ADC_TPL_CORE_BASEADDR' undeclared (first use in this function); did you mean 'XPAR_AXI_AD9250_JESD_RX_AXI_BASEADDR'?
 #define RX_CORE_BASEADDR   XPAR_AXI_AD9250_CORE_ADC_TPL_CORE_BASEADDR
                            ^~~~~~~~~~~~~~~~~~~~~~~~~~~~~~~~~~~~~~~~~~
../src/parameters.h:71:28: note: in definition of macro 'RX_CORE_BASEADDR'
 #define RX_CORE_BASEADDR   XPAR_AXI_AD9250_CORE_ADC_TPL_CORE_BASEADDR
                            ^~~~~~~~~~~~~~~~~~~~~~~~~~~~~~~~~~~~~~~~~~
../src/parameters.h:71:28: note: each undeclared identifier is reported only once for each function it appears in
 #define RX_CORE_BASEADDR   XPAR_AXI_AD9250_CORE_ADC_TPL_CORE_BASEADDR
                            ^~~~~~~~~~~~~~~~~~~~~~~~~~~~~~~~~~~~~~~~~~
../src/parameters.h:71:28: note: in definition of macro 'RX_CORE_BASEADDR'
 #define RX_CORE_BASEADDR   XPAR_AXI_AD9250_CORE_ADC_TPL_CORE_BASEADDR
                            ^~~~~~~~~~~~~~~~~~~~~~~~~~~~~~~~~~~~~~~~~~
make: *** [src/subdir.mk:26: src/fmcjesdadc1.o] Error 1
06:49:17 **** Auto Build of configuration Debug for project test_ad9250 ****
make all 
'Building file: ../src/fmcjesdadc1.c'
'Invoking: MicroBlaze gcc compiler'
mb-gcc -Wall -O0 -g3 -c -fmessage-length=0 -MT"src/fmcjesdadc1.o" -I../../test_ad9250_bsp/sys_mb/include -mlittle-endian -mxl-barrel-shift -mxl-pattern-compare -mno-xl-soft-div -mcpu=v11.0 -mno-xl-soft-mul -mxl-multiply-high -Wl,--no-relax -ffunction-sections -fdata-sections -MMD -MP -MF"src/fmcjesdadc1.d" -MT"src/fmcjesdadc1.o" -o "src/fmcjesdadc1.o" "../src/fmcjesdadc1.c"
'Finished building: ../src/fmcjesdadc1.c'
' '
'Building file: ../src/platform.c'
'Invoking: MicroBlaze gcc compiler'
mb-gcc -Wall -O0 -g3 -c -fmessage-length=0 -MT"src/platform.o" -I../../test_ad9250_bsp/sys_mb/include -mlittle-endian -mxl-barrel-shift -mxl-pattern-compare -mno-xl-soft-div -mcpu=v11.0 -mno-xl-soft-mul -mxl-multiply-high -Wl,--no-relax -ffunction-sections -fdata-sections -MMD -MP -MF"src/platform.d" -MT"src/platform.o" -o "src/platform.o" "../src/platform.c"
'Finished building: ../src/platform.c'
' '
'Building target: test_ad9250.elf'
'Invoking: MicroBlaze gcc linker'
mb-gcc -Wl,-T -Wl,../src/lscript.ld -L../../test_ad9250_bsp/sys_mb/lib -mlittle-endian -mxl-barrel-shift -mxl-pattern-compare -mno-xl-soft-div -mcpu=v11.0 -mno-xl-soft-mul -mxl-multiply-high -Wl,--no-relax -Wl,--gc-sections -o "test_ad9250.elf"  ./src/util/util.o  ./src/drivers/spi/spi.o  ./src/drivers/platform/xilinx/axi_io.o ./src/drivers/platform/xilinx/delay.o ./src/drivers/platform/xilinx/gpio.o ./src/drivers/platform/xilinx/xilinx_gpio.o ./src/drivers/platform/xilinx/xilinx_spi.o  ./src/drivers/io-expander/demux_spi/demux_spi.o  ./src/drivers/frequency/ad9517/ad9517.o  ./src/drivers/axi_core/jesd204/axi_adxcvr.o ./src/drivers/axi_core/jesd204/axi_jesd204_rx.o ./src/drivers/axi_core/jesd204/xilinx_transceiver.o  ./src/drivers/axi_core/clk_axi_clkgen/clk_axi_clkgen.o  ./src/drivers/axi_core/axi_dmac/axi_dmac.o  ./src/drivers/axi_core/axi_adc_core/axi_adc_core.o  ./src/drivers/adc/ad9250/ad9250.o  ./src/fmcjesdadc1.o ./src/platform.o   -Wl,--start-group,-lxil,-lgcc,-lc,--end-group
'Finished building target: test_ad9250.elf'
' '
'Invoking: MicroBlaze Print Size'
mb-size test_ad9250.elf  |tee "test_ad9250.elf.size"
   text	   data	    bss	    dec	    hex	filename
  99964	   1988	   3184	 105136	  19ab0	test_ad9250.elf
'Finished building: test_ad9250.elf.size'
' '
06:52:45 **** Incremental Build of configuration Debug for project test_ad9250 ****
make all 
make: Nothing to be done for 'all'.
06:53:33 **** Incremental Build of configuration Debug for project test_ad9250 ****
make all 
make: Nothing to be done for 'all'.
07:09:08 **** Incremental Build of configuration Debug for project test_ad9250 ****
make all 
make: Nothing to be done for 'all'.
07:13:49 **** Auto Build of configuration Debug for project test_ad9250 ****
make all 
'Building file: ../src/fmcjesdadc1.c'
'Invoking: MicroBlaze gcc compiler'
mb-gcc -Wall -O0 -g3 -c -fmessage-length=0 -MT"src/fmcjesdadc1.o" -I../../test_ad9250_bsp/sys_mb/include -mlittle-endian -mxl-barrel-shift -mxl-pattern-compare -mno-xl-soft-div -mcpu=v11.0 -mno-xl-soft-mul -mxl-multiply-high -Wl,--no-relax -ffunction-sections -fdata-sections -MMD -MP -MF"src/fmcjesdadc1.d" -MT"src/fmcjesdadc1.o" -o "src/fmcjesdadc1.o" "../src/fmcjesdadc1.c"
'Finished building: ../src/fmcjesdadc1.c'
' '
'Building target: test_ad9250.elf'
'Invoking: MicroBlaze gcc linker'
mb-gcc -Wl,-T -Wl,../src/lscript.ld -L../../test_ad9250_bsp/sys_mb/lib -mlittle-endian -mxl-barrel-shift -mxl-pattern-compare -mno-xl-soft-div -mcpu=v11.0 -mno-xl-soft-mul -mxl-multiply-high -Wl,--no-relax -Wl,--gc-sections -o "test_ad9250.elf"  ./src/util/util.o  ./src/drivers/spi/spi.o  ./src/drivers/platform/xilinx/axi_io.o ./src/drivers/platform/xilinx/delay.o ./src/drivers/platform/xilinx/gpio.o ./src/drivers/platform/xilinx/xilinx_gpio.o ./src/drivers/platform/xilinx/xilinx_spi.o  ./src/drivers/io-expander/demux_spi/demux_spi.o  ./src/drivers/frequency/ad9517/ad9517.o  ./src/drivers/axi_core/jesd204/axi_adxcvr.o ./src/drivers/axi_core/jesd204/axi_jesd204_rx.o ./src/drivers/axi_core/jesd204/xilinx_transceiver.o  ./src/drivers/axi_core/clk_axi_clkgen/clk_axi_clkgen.o  ./src/drivers/axi_core/axi_dmac/axi_dmac.o  ./src/drivers/axi_core/axi_adc_core/axi_adc_core.o  ./src/drivers/adc/ad9250/ad9250.o  ./src/fmcjesdadc1.o ./src/platform.o   -Wl,--start-group,-lxil,-lgcc,-lc,--end-group
'Finished building target: test_ad9250.elf'
' '
'Invoking: MicroBlaze Print Size'
mb-size test_ad9250.elf  |tee "test_ad9250.elf.size"
   text	   data	    bss	    dec	    hex	filename
  99932	   1988	   3184	 105104	  19a90	test_ad9250.elf
'Finished building: test_ad9250.elf.size'
' '
07:14:05 **** Incremental Build of configuration Debug for project test_ad9250 ****
make all 
make: Nothing to be done for 'all'.
07:16:41 **** Incremental Build of configuration Debug for project test_ad9250 ****
make all 
make: Nothing to be done for 'all'.
07:17:56 **** Auto Build of configuration Debug for project test_ad9250 ****
make all 
'Building file: ../src/drivers/axi_core/jesd204/axi_jesd204_rx.c'
'Invoking: MicroBlaze gcc compiler'
mb-gcc -Wall -O0 -g3 -c -fmessage-length=0 -MT"src/drivers/axi_core/jesd204/axi_jesd204_rx.o" -I../../test_ad9250_bsp/sys_mb/include -mlittle-endian -mxl-barrel-shift -mxl-pattern-compare -mno-xl-soft-div -mcpu=v11.0 -mno-xl-soft-mul -mxl-multiply-high -Wl,--no-relax -ffunction-sections -fdata-sections -MMD -MP -MF"src/drivers/axi_core/jesd204/axi_jesd204_rx.d" -MT"src/drivers/axi_core/jesd204/axi_jesd204_rx.o" -o "src/drivers/axi_core/jesd204/axi_jesd204_rx.o" "../src/drivers/axi_core/jesd204/axi_jesd204_rx.c"
'Finished building: ../src/drivers/axi_core/jesd204/axi_jesd204_rx.c'
' '
'Building target: test_ad9250.elf'
'Invoking: MicroBlaze gcc linker'
mb-gcc -Wl,-T -Wl,../src/lscript.ld -L../../test_ad9250_bsp/sys_mb/lib -mlittle-endian -mxl-barrel-shift -mxl-pattern-compare -mno-xl-soft-div -mcpu=v11.0 -mno-xl-soft-mul -mxl-multiply-high -Wl,--no-relax -Wl,--gc-sections -o "test_ad9250.elf"  ./src/util/util.o  ./src/drivers/spi/spi.o  ./src/drivers/platform/xilinx/axi_io.o ./src/drivers/platform/xilinx/delay.o ./src/drivers/platform/xilinx/gpio.o ./src/drivers/platform/xilinx/xilinx_gpio.o ./src/drivers/platform/xilinx/xilinx_spi.o  ./src/drivers/io-expander/demux_spi/demux_spi.o  ./src/drivers/frequency/ad9517/ad9517.o  ./src/drivers/axi_core/jesd204/axi_adxcvr.o ./src/drivers/axi_core/jesd204/axi_jesd204_rx.o ./src/drivers/axi_core/jesd204/xilinx_transceiver.o  ./src/drivers/axi_core/clk_axi_clkgen/clk_axi_clkgen.o  ./src/drivers/axi_core/axi_dmac/axi_dmac.o  ./src/drivers/axi_core/axi_adc_core/axi_adc_core.o  ./src/drivers/adc/ad9250/ad9250.o  ./src/fmcjesdadc1.o ./src/platform.o   -Wl,--start-group,-lxil,-lgcc,-lc,--end-group
'Finished building target: test_ad9250.elf'
' '
'Invoking: MicroBlaze Print Size'
mb-size test_ad9250.elf  |tee "test_ad9250.elf.size"
   text	   data	    bss	    dec	    hex	filename
  99976	   1988	   3180	 105144	  19ab8	test_ad9250.elf
'Finished building: test_ad9250.elf.size'
' '
07:18:04 **** Incremental Build of configuration Debug for project test_ad9250 ****
make all 
make: Nothing to be done for 'all'.
07:18:13 **** Auto Build of configuration Debug for project test_ad9250 ****
make all 
'Building file: ../src/drivers/axi_core/jesd204/axi_jesd204_rx.c'
'Invoking: MicroBlaze gcc compiler'
mb-gcc -Wall -O0 -g3 -c -fmessage-length=0 -MT"src/drivers/axi_core/jesd204/axi_jesd204_rx.o" -I../../test_ad9250_bsp/sys_mb/include -mlittle-endian -mxl-barrel-shift -mxl-pattern-compare -mno-xl-soft-div -mcpu=v11.0 -mno-xl-soft-mul -mxl-multiply-high -Wl,--no-relax -ffunction-sections -fdata-sections -MMD -MP -MF"src/drivers/axi_core/jesd204/axi_jesd204_rx.d" -MT"src/drivers/axi_core/jesd204/axi_jesd204_rx.o" -o "src/drivers/axi_core/jesd204/axi_jesd204_rx.o" "../src/drivers/axi_core/jesd204/axi_jesd204_rx.c"
'Finished building: ../src/drivers/axi_core/jesd204/axi_jesd204_rx.c'
' '
'Building target: test_ad9250.elf'
'Invoking: MicroBlaze gcc linker'
mb-gcc -Wl,-T -Wl,../src/lscript.ld -L../../test_ad9250_bsp/sys_mb/lib -mlittle-endian -mxl-barrel-shift -mxl-pattern-compare -mno-xl-soft-div -mcpu=v11.0 -mno-xl-soft-mul -mxl-multiply-high -Wl,--no-relax -Wl,--gc-sections -o "test_ad9250.elf"  ./src/util/util.o  ./src/drivers/spi/spi.o  ./src/drivers/platform/xilinx/axi_io.o ./src/drivers/platform/xilinx/delay.o ./src/drivers/platform/xilinx/gpio.o ./src/drivers/platform/xilinx/xilinx_gpio.o ./src/drivers/platform/xilinx/xilinx_spi.o  ./src/drivers/io-expander/demux_spi/demux_spi.o  ./src/drivers/frequency/ad9517/ad9517.o  ./src/drivers/axi_core/jesd204/axi_adxcvr.o ./src/drivers/axi_core/jesd204/axi_jesd204_rx.o ./src/drivers/axi_core/jesd204/xilinx_transceiver.o  ./src/drivers/axi_core/clk_axi_clkgen/clk_axi_clkgen.o  ./src/drivers/axi_core/axi_dmac/axi_dmac.o  ./src/drivers/axi_core/axi_adc_core/axi_adc_core.o  ./src/drivers/adc/ad9250/ad9250.o  ./src/fmcjesdadc1.o ./src/platform.o   -Wl,--start-group,-lxil,-lgcc,-lc,--end-group
'Finished building target: test_ad9250.elf'
' '
'Invoking: MicroBlaze Print Size'
mb-size test_ad9250.elf  |tee "test_ad9250.elf.size"
   text	   data	    bss	    dec	    hex	filename
 100056	   1988	   3180	 105224	  19b08	test_ad9250.elf
'Finished building: test_ad9250.elf.size'
' '
07:18:21 **** Incremental Build of configuration Debug for project test_ad9250 ****
make all 
make: Nothing to be done for 'all'.
07:18:33 **** Auto Build of configuration Debug for project test_ad9250 ****
make all 
'Building file: ../src/drivers/axi_core/jesd204/axi_jesd204_rx.c'
'Invoking: MicroBlaze gcc compiler'
mb-gcc -Wall -O0 -g3 -c -fmessage-length=0 -MT"src/drivers/axi_core/jesd204/axi_jesd204_rx.o" -I../../test_ad9250_bsp/sys_mb/include -mlittle-endian -mxl-barrel-shift -mxl-pattern-compare -mno-xl-soft-div -mcpu=v11.0 -mno-xl-soft-mul -mxl-multiply-high -Wl,--no-relax -ffunction-sections -fdata-sections -MMD -MP -MF"src/drivers/axi_core/jesd204/axi_jesd204_rx.d" -MT"src/drivers/axi_core/jesd204/axi_jesd204_rx.o" -o "src/drivers/axi_core/jesd204/axi_jesd204_rx.o" "../src/drivers/axi_core/jesd204/axi_jesd204_rx.c"
'Finished building: ../src/drivers/axi_core/jesd204/axi_jesd204_rx.c'
' '
'Building target: test_ad9250.elf'
'Invoking: MicroBlaze gcc linker'
mb-gcc -Wl,-T -Wl,../src/lscript.ld -L../../test_ad9250_bsp/sys_mb/lib -mlittle-endian -mxl-barrel-shift -mxl-pattern-compare -mno-xl-soft-div -mcpu=v11.0 -mno-xl-soft-mul -mxl-multiply-high -Wl,--no-relax -Wl,--gc-sections -o "test_ad9250.elf"  ./src/util/util.o  ./src/drivers/spi/spi.o  ./src/drivers/platform/xilinx/axi_io.o ./src/drivers/platform/xilinx/delay.o ./src/drivers/platform/xilinx/gpio.o ./src/drivers/platform/xilinx/xilinx_gpio.o ./src/drivers/platform/xilinx/xilinx_spi.o  ./src/drivers/io-expander/demux_spi/demux_spi.o  ./src/drivers/frequency/ad9517/ad9517.o  ./src/drivers/axi_core/jesd204/axi_adxcvr.o ./src/drivers/axi_core/jesd204/axi_jesd204_rx.o ./src/drivers/axi_core/jesd204/xilinx_transceiver.o  ./src/drivers/axi_core/clk_axi_clkgen/clk_axi_clkgen.o  ./src/drivers/axi_core/axi_dmac/axi_dmac.o  ./src/drivers/axi_core/axi_adc_core/axi_adc_core.o  ./src/drivers/adc/ad9250/ad9250.o  ./src/fmcjesdadc1.o ./src/platform.o   -Wl,--start-group,-lxil,-lgcc,-lc,--end-group
'Finished building target: test_ad9250.elf'
' '
'Invoking: MicroBlaze Print Size'
mb-size test_ad9250.elf  |tee "test_ad9250.elf.size"
   text	   data	    bss	    dec	    hex	filename
 100180	   1988	   3184	 105352	  19b88	test_ad9250.elf
'Finished building: test_ad9250.elf.size'
' '
07:18:47 **** Auto Build of configuration Debug for project test_ad9250 ****
make all 
'Building file: ../src/drivers/axi_core/jesd204/axi_jesd204_rx.c'
'Invoking: MicroBlaze gcc compiler'
mb-gcc -Wall -O0 -g3 -c -fmessage-length=0 -MT"src/drivers/axi_core/jesd204/axi_jesd204_rx.o" -I../../test_ad9250_bsp/sys_mb/include -mlittle-endian -mxl-barrel-shift -mxl-pattern-compare -mno-xl-soft-div -mcpu=v11.0 -mno-xl-soft-mul -mxl-multiply-high -Wl,--no-relax -ffunction-sections -fdata-sections -MMD -MP -MF"src/drivers/axi_core/jesd204/axi_jesd204_rx.d" -MT"src/drivers/axi_core/jesd204/axi_jesd204_rx.o" -o "src/drivers/axi_core/jesd204/axi_jesd204_rx.o" "../src/drivers/axi_core/jesd204/axi_jesd204_rx.c"
'Finished building: ../src/drivers/axi_core/jesd204/axi_jesd204_rx.c'
' '
'Building target: test_ad9250.elf'
'Invoking: MicroBlaze gcc linker'
mb-gcc -Wl,-T -Wl,../src/lscript.ld -L../../test_ad9250_bsp/sys_mb/lib -mlittle-endian -mxl-barrel-shift -mxl-pattern-compare -mno-xl-soft-div -mcpu=v11.0 -mno-xl-soft-mul -mxl-multiply-high -Wl,--no-relax -Wl,--gc-sections -o "test_ad9250.elf"  ./src/util/util.o  ./src/drivers/spi/spi.o  ./src/drivers/platform/xilinx/axi_io.o ./src/drivers/platform/xilinx/delay.o ./src/drivers/platform/xilinx/gpio.o ./src/drivers/platform/xilinx/xilinx_gpio.o ./src/drivers/platform/xilinx/xilinx_spi.o  ./src/drivers/io-expander/demux_spi/demux_spi.o  ./src/drivers/frequency/ad9517/ad9517.o  ./src/drivers/axi_core/jesd204/axi_adxcvr.o ./src/drivers/axi_core/jesd204/axi_jesd204_rx.o ./src/drivers/axi_core/jesd204/xilinx_transceiver.o  ./src/drivers/axi_core/clk_axi_clkgen/clk_axi_clkgen.o  ./src/drivers/axi_core/axi_dmac/axi_dmac.o  ./src/drivers/axi_core/axi_adc_core/axi_adc_core.o  ./src/drivers/adc/ad9250/ad9250.o  ./src/fmcjesdadc1.o ./src/platform.o   -Wl,--start-group,-lxil,-lgcc,-lc,--end-group
'Finished building target: test_ad9250.elf'
' '
'Invoking: MicroBlaze Print Size'
mb-size test_ad9250.elf  |tee "test_ad9250.elf.size"
   text	   data	    bss	    dec	    hex	filename
  99976	   1988	   3180	 105144	  19ab8	test_ad9250.elf
'Finished building: test_ad9250.elf.size'
' '
07:18:53 **** Incremental Build of configuration Debug for project test_ad9250 ****
make all 
make: Nothing to be done for 'all'.
07:19:01 **** Auto Build of configuration Debug for project test_ad9250 ****
make all 
'Building file: ../src/drivers/axi_core/jesd204/axi_jesd204_rx.c'
'Invoking: MicroBlaze gcc compiler'
mb-gcc -Wall -O0 -g3 -c -fmessage-length=0 -MT"src/drivers/axi_core/jesd204/axi_jesd204_rx.o" -I../../test_ad9250_bsp/sys_mb/include -mlittle-endian -mxl-barrel-shift -mxl-pattern-compare -mno-xl-soft-div -mcpu=v11.0 -mno-xl-soft-mul -mxl-multiply-high -Wl,--no-relax -ffunction-sections -fdata-sections -MMD -MP -MF"src/drivers/axi_core/jesd204/axi_jesd204_rx.d" -MT"src/drivers/axi_core/jesd204/axi_jesd204_rx.o" -o "src/drivers/axi_core/jesd204/axi_jesd204_rx.o" "../src/drivers/axi_core/jesd204/axi_jesd204_rx.c"
'Finished building: ../src/drivers/axi_core/jesd204/axi_jesd204_rx.c'
' '
'Building target: test_ad9250.elf'
'Invoking: MicroBlaze gcc linker'
mb-gcc -Wl,-T -Wl,../src/lscript.ld -L../../test_ad9250_bsp/sys_mb/lib -mlittle-endian -mxl-barrel-shift -mxl-pattern-compare -mno-xl-soft-div -mcpu=v11.0 -mno-xl-soft-mul -mxl-multiply-high -Wl,--no-relax -Wl,--gc-sections -o "test_ad9250.elf"  ./src/util/util.o  ./src/drivers/spi/spi.o  ./src/drivers/platform/xilinx/axi_io.o ./src/drivers/platform/xilinx/delay.o ./src/drivers/platform/xilinx/gpio.o ./src/drivers/platform/xilinx/xilinx_gpio.o ./src/drivers/platform/xilinx/xilinx_spi.o  ./src/drivers/io-expander/demux_spi/demux_spi.o  ./src/drivers/frequency/ad9517/ad9517.o  ./src/drivers/axi_core/jesd204/axi_adxcvr.o ./src/drivers/axi_core/jesd204/axi_jesd204_rx.o ./src/drivers/axi_core/jesd204/xilinx_transceiver.o  ./src/drivers/axi_core/clk_axi_clkgen/clk_axi_clkgen.o  ./src/drivers/axi_core/axi_dmac/axi_dmac.o  ./src/drivers/axi_core/axi_adc_core/axi_adc_core.o  ./src/drivers/adc/ad9250/ad9250.o  ./src/fmcjesdadc1.o ./src/platform.o   -Wl,--start-group,-lxil,-lgcc,-lc,--end-group
'Finished building target: test_ad9250.elf'
' '
'Invoking: MicroBlaze Print Size'
mb-size test_ad9250.elf  |tee "test_ad9250.elf.size"
   text	   data	    bss	    dec	    hex	filename
  99932	   1988	   3184	 105104	  19a90	test_ad9250.elf
'Finished building: test_ad9250.elf.size'
' '
07:19:09 **** Incremental Build of configuration Debug for project test_ad9250 ****
make all 
make: Nothing to be done for 'all'.
08:30:28 **** Incremental Build of configuration Debug for project test_ad9250 ****
make all 
make: Nothing to be done for 'all'.
08:32:14 **** Incremental Build of configuration Debug for project test_ad9250 ****
make all 
make: Nothing to be done for 'all'.
08:32:44 **** Incremental Build of configuration Debug for project test_ad9250 ****
make all 
make: Nothing to be done for 'all'.
08:33:28 **** Auto Build of configuration Debug for project test_ad9250 ****
make all 
'Building file: ../src/fmcjesdadc1.c'
'Invoking: MicroBlaze gcc compiler'
mb-gcc -Wall -O0 -g3 -c -fmessage-length=0 -MT"src/fmcjesdadc1.o" -I../../test_ad9250_bsp/sys_mb/include -mlittle-endian -mxl-barrel-shift -mxl-pattern-compare -mno-xl-soft-div -mcpu=v11.0 -mno-xl-soft-mul -mxl-multiply-high -Wl,--no-relax -ffunction-sections -fdata-sections -MMD -MP -MF"src/fmcjesdadc1.d" -MT"src/fmcjesdadc1.o" -o "src/fmcjesdadc1.o" "../src/fmcjesdadc1.c"
'Finished building: ../src/fmcjesdadc1.c'
' '
'Building target: test_ad9250.elf'
'Invoking: MicroBlaze gcc linker'
mb-gcc -Wl,-T -Wl,../src/lscript.ld -L../../test_ad9250_bsp/sys_mb/lib -mlittle-endian -mxl-barrel-shift -mxl-pattern-compare -mno-xl-soft-div -mcpu=v11.0 -mno-xl-soft-mul -mxl-multiply-high -Wl,--no-relax -Wl,--gc-sections -o "test_ad9250.elf"  ./src/util/util.o  ./src/drivers/spi/spi.o  ./src/drivers/platform/xilinx/axi_io.o ./src/drivers/platform/xilinx/delay.o ./src/drivers/platform/xilinx/gpio.o ./src/drivers/platform/xilinx/xilinx_gpio.o ./src/drivers/platform/xilinx/xilinx_spi.o  ./src/drivers/io-expander/demux_spi/demux_spi.o  ./src/drivers/frequency/ad9517/ad9517.o  ./src/drivers/axi_core/jesd204/axi_adxcvr.o ./src/drivers/axi_core/jesd204/axi_jesd204_rx.o ./src/drivers/axi_core/jesd204/xilinx_transceiver.o  ./src/drivers/axi_core/clk_axi_clkgen/clk_axi_clkgen.o  ./src/drivers/axi_core/axi_dmac/axi_dmac.o  ./src/drivers/axi_core/axi_adc_core/axi_adc_core.o  ./src/drivers/adc/ad9250/ad9250.o  ./src/fmcjesdadc1.o ./src/platform.o   -Wl,--start-group,-lxil,-lgcc,-lc,--end-group
'Finished building target: test_ad9250.elf'
' '
'Invoking: MicroBlaze Print Size'
mb-size test_ad9250.elf  |tee "test_ad9250.elf.size"
   text	   data	    bss	    dec	    hex	filename
  99964	   1988	   3184	 105136	  19ab0	test_ad9250.elf
'Finished building: test_ad9250.elf.size'
' '
08:33:34 **** Incremental Build of configuration Debug for project test_ad9250 ****
make all 
make: Nothing to be done for 'all'.
08:39:50 **** Incremental Build of configuration Debug for project test_ad9250 ****
make all 
make: Nothing to be done for 'all'.
08:41:05 **** Auto Build of configuration Debug for project test_ad9250 ****
make all 
'Building file: ../src/fmcjesdadc1.c'
'Invoking: MicroBlaze gcc compiler'
mb-gcc -Wall -O0 -g3 -c -fmessage-length=0 -MT"src/fmcjesdadc1.o" -I../../test_ad9250_bsp/sys_mb/include -mlittle-endian -mxl-barrel-shift -mxl-pattern-compare -mno-xl-soft-div -mcpu=v11.0 -mno-xl-soft-mul -mxl-multiply-high -Wl,--no-relax -ffunction-sections -fdata-sections -MMD -MP -MF"src/fmcjesdadc1.d" -MT"src/fmcjesdadc1.o" -o "src/fmcjesdadc1.o" "../src/fmcjesdadc1.c"
'Finished building: ../src/fmcjesdadc1.c'
' '
'Building target: test_ad9250.elf'
'Invoking: MicroBlaze gcc linker'
mb-gcc -Wl,-T -Wl,../src/lscript.ld -L../../test_ad9250_bsp/sys_mb/lib -mlittle-endian -mxl-barrel-shift -mxl-pattern-compare -mno-xl-soft-div -mcpu=v11.0 -mno-xl-soft-mul -mxl-multiply-high -Wl,--no-relax -Wl,--gc-sections -o "test_ad9250.elf"  ./src/util/util.o  ./src/drivers/spi/spi.o  ./src/drivers/platform/xilinx/axi_io.o ./src/drivers/platform/xilinx/delay.o ./src/drivers/platform/xilinx/gpio.o ./src/drivers/platform/xilinx/xilinx_gpio.o ./src/drivers/platform/xilinx/xilinx_spi.o  ./src/drivers/io-expander/demux_spi/demux_spi.o  ./src/drivers/frequency/ad9517/ad9517.o  ./src/drivers/axi_core/jesd204/axi_adxcvr.o ./src/drivers/axi_core/jesd204/axi_jesd204_rx.o ./src/drivers/axi_core/jesd204/xilinx_transceiver.o  ./src/drivers/axi_core/clk_axi_clkgen/clk_axi_clkgen.o  ./src/drivers/axi_core/axi_dmac/axi_dmac.o  ./src/drivers/axi_core/axi_adc_core/axi_adc_core.o  ./src/drivers/adc/ad9250/ad9250.o  ./src/fmcjesdadc1.o ./src/platform.o   -Wl,--start-group,-lxil,-lgcc,-lc,--end-group
'Finished building target: test_ad9250.elf'
' '
'Invoking: MicroBlaze Print Size'
mb-size test_ad9250.elf  |tee "test_ad9250.elf.size"
   text	   data	    bss	    dec	    hex	filename
  99980	   1988	   3184	 105152	  19ac0	test_ad9250.elf
'Finished building: test_ad9250.elf.size'
' '
08:41:13 **** Incremental Build of configuration Debug for project test_ad9250 ****
make all 
make: Nothing to be done for 'all'.
09:03:57 **** Auto Build of configuration Debug for project test_ad9250 ****
make all 
'Building file: ../src/fmcjesdadc1.c'
'Invoking: MicroBlaze gcc compiler'
mb-gcc -Wall -O0 -g3 -c -fmessage-length=0 -MT"src/fmcjesdadc1.o" -I../../test_ad9250_bsp/sys_mb/include -mlittle-endian -mxl-barrel-shift -mxl-pattern-compare -mno-xl-soft-div -mcpu=v11.0 -mno-xl-soft-mul -mxl-multiply-high -Wl,--no-relax -ffunction-sections -fdata-sections -MMD -MP -MF"src/fmcjesdadc1.d" -MT"src/fmcjesdadc1.o" -o "src/fmcjesdadc1.o" "../src/fmcjesdadc1.c"
'Finished building: ../src/fmcjesdadc1.c'
' '
'Building target: test_ad9250.elf'
'Invoking: MicroBlaze gcc linker'
mb-gcc -Wl,-T -Wl,../src/lscript.ld -L../../test_ad9250_bsp/sys_mb/lib -mlittle-endian -mxl-barrel-shift -mxl-pattern-compare -mno-xl-soft-div -mcpu=v11.0 -mno-xl-soft-mul -mxl-multiply-high -Wl,--no-relax -Wl,--gc-sections -o "test_ad9250.elf"  ./src/util/util.o  ./src/drivers/spi/spi.o  ./src/drivers/platform/xilinx/axi_io.o ./src/drivers/platform/xilinx/delay.o ./src/drivers/platform/xilinx/gpio.o ./src/drivers/platform/xilinx/xilinx_gpio.o ./src/drivers/platform/xilinx/xilinx_spi.o  ./src/drivers/io-expander/demux_spi/demux_spi.o  ./src/drivers/frequency/ad9517/ad9517.o  ./src/drivers/axi_core/jesd204/axi_adxcvr.o ./src/drivers/axi_core/jesd204/axi_jesd204_rx.o ./src/drivers/axi_core/jesd204/xilinx_transceiver.o  ./src/drivers/axi_core/clk_axi_clkgen/clk_axi_clkgen.o  ./src/drivers/axi_core/axi_dmac/axi_dmac.o  ./src/drivers/axi_core/axi_adc_core/axi_adc_core.o  ./src/drivers/adc/ad9250/ad9250.o  ./src/fmcjesdadc1.o ./src/platform.o   -Wl,--start-group,-lxil,-lgcc,-lc,--end-group
'Finished building target: test_ad9250.elf'
' '
'Invoking: MicroBlaze Print Size'
mb-size test_ad9250.elf  |tee "test_ad9250.elf.size"
   text	   data	    bss	    dec	    hex	filename
  99980	   1988	   3184	 105152	  19ac0	test_ad9250.elf
'Finished building: test_ad9250.elf.size'
' '
09:04:07 **** Incremental Build of configuration Debug for project test_ad9250 ****
make all 
make: Nothing to be done for 'all'.
09:04:24 **** Auto Build of configuration Debug for project test_ad9250 ****
make all 
'Building file: ../src/fmcjesdadc1.c'
'Invoking: MicroBlaze gcc compiler'
mb-gcc -Wall -O0 -g3 -c -fmessage-length=0 -MT"src/fmcjesdadc1.o" -I../../test_ad9250_bsp/sys_mb/include -mlittle-endian -mxl-barrel-shift -mxl-pattern-compare -mno-xl-soft-div -mcpu=v11.0 -mno-xl-soft-mul -mxl-multiply-high -Wl,--no-relax -ffunction-sections -fdata-sections -MMD -MP -MF"src/fmcjesdadc1.d" -MT"src/fmcjesdadc1.o" -o "src/fmcjesdadc1.o" "../src/fmcjesdadc1.c"
'Finished building: ../src/fmcjesdadc1.c'
' '
'Building target: test_ad9250.elf'
'Invoking: MicroBlaze gcc linker'
mb-gcc -Wl,-T -Wl,../src/lscript.ld -L../../test_ad9250_bsp/sys_mb/lib -mlittle-endian -mxl-barrel-shift -mxl-pattern-compare -mno-xl-soft-div -mcpu=v11.0 -mno-xl-soft-mul -mxl-multiply-high -Wl,--no-relax -Wl,--gc-sections -o "test_ad9250.elf"  ./src/util/util.o  ./src/drivers/spi/spi.o  ./src/drivers/platform/xilinx/axi_io.o ./src/drivers/platform/xilinx/delay.o ./src/drivers/platform/xilinx/gpio.o ./src/drivers/platform/xilinx/xilinx_gpio.o ./src/drivers/platform/xilinx/xilinx_spi.o  ./src/drivers/io-expander/demux_spi/demux_spi.o  ./src/drivers/frequency/ad9517/ad9517.o  ./src/drivers/axi_core/jesd204/axi_adxcvr.o ./src/drivers/axi_core/jesd204/axi_jesd204_rx.o ./src/drivers/axi_core/jesd204/xilinx_transceiver.o  ./src/drivers/axi_core/clk_axi_clkgen/clk_axi_clkgen.o  ./src/drivers/axi_core/axi_dmac/axi_dmac.o  ./src/drivers/axi_core/axi_adc_core/axi_adc_core.o  ./src/drivers/adc/ad9250/ad9250.o  ./src/fmcjesdadc1.o ./src/platform.o   -Wl,--start-group,-lxil,-lgcc,-lc,--end-group
'Finished building target: test_ad9250.elf'
' '
'Invoking: MicroBlaze Print Size'
mb-size test_ad9250.elf  |tee "test_ad9250.elf.size"
   text	   data	    bss	    dec	    hex	filename
  99980	   1988	   3184	 105152	  19ac0	test_ad9250.elf
'Finished building: test_ad9250.elf.size'
' '
09:04:51 **** Auto Build of configuration Debug for project test_ad9250 ****
make all 
'Building file: ../src/fmcjesdadc1.c'
'Invoking: MicroBlaze gcc compiler'
mb-gcc -Wall -O0 -g3 -c -fmessage-length=0 -MT"src/fmcjesdadc1.o" -I../../test_ad9250_bsp/sys_mb/include -mlittle-endian -mxl-barrel-shift -mxl-pattern-compare -mno-xl-soft-div -mcpu=v11.0 -mno-xl-soft-mul -mxl-multiply-high -Wl,--no-relax -ffunction-sections -fdata-sections -MMD -MP -MF"src/fmcjesdadc1.d" -MT"src/fmcjesdadc1.o" -o "src/fmcjesdadc1.o" "../src/fmcjesdadc1.c"
'Finished building: ../src/fmcjesdadc1.c'
' '
'Building target: test_ad9250.elf'
'Invoking: MicroBlaze gcc linker'
mb-gcc -Wl,-T -Wl,../src/lscript.ld -L../../test_ad9250_bsp/sys_mb/lib -mlittle-endian -mxl-barrel-shift -mxl-pattern-compare -mno-xl-soft-div -mcpu=v11.0 -mno-xl-soft-mul -mxl-multiply-high -Wl,--no-relax -Wl,--gc-sections -o "test_ad9250.elf"  ./src/util/util.o  ./src/drivers/spi/spi.o  ./src/drivers/platform/xilinx/axi_io.o ./src/drivers/platform/xilinx/delay.o ./src/drivers/platform/xilinx/gpio.o ./src/drivers/platform/xilinx/xilinx_gpio.o ./src/drivers/platform/xilinx/xilinx_spi.o  ./src/drivers/io-expander/demux_spi/demux_spi.o  ./src/drivers/frequency/ad9517/ad9517.o  ./src/drivers/axi_core/jesd204/axi_adxcvr.o ./src/drivers/axi_core/jesd204/axi_jesd204_rx.o ./src/drivers/axi_core/jesd204/xilinx_transceiver.o  ./src/drivers/axi_core/clk_axi_clkgen/clk_axi_clkgen.o  ./src/drivers/axi_core/axi_dmac/axi_dmac.o  ./src/drivers/axi_core/axi_adc_core/axi_adc_core.o  ./src/drivers/adc/ad9250/ad9250.o  ./src/fmcjesdadc1.o ./src/platform.o   -Wl,--start-group,-lxil,-lgcc,-lc,--end-group
'Finished building target: test_ad9250.elf'
' '
'Invoking: MicroBlaze Print Size'
mb-size test_ad9250.elf  |tee "test_ad9250.elf.size"
   text	   data	    bss	    dec	    hex	filename
  99980	   1988	   3184	 105152	  19ac0	test_ad9250.elf
'Finished building: test_ad9250.elf.size'
' '
09:04:56 **** Incremental Build of configuration Debug for project test_ad9250 ****
make all 
make: Nothing to be done for 'all'.
09:05:05 **** Auto Build of configuration Debug for project test_ad9250 ****
make all 
'Building file: ../src/fmcjesdadc1.c'
'Invoking: MicroBlaze gcc compiler'
mb-gcc -Wall -O0 -g3 -c -fmessage-length=0 -MT"src/fmcjesdadc1.o" -I../../test_ad9250_bsp/sys_mb/include -mlittle-endian -mxl-barrel-shift -mxl-pattern-compare -mno-xl-soft-div -mcpu=v11.0 -mno-xl-soft-mul -mxl-multiply-high -Wl,--no-relax -ffunction-sections -fdata-sections -MMD -MP -MF"src/fmcjesdadc1.d" -MT"src/fmcjesdadc1.o" -o "src/fmcjesdadc1.o" "../src/fmcjesdadc1.c"
'Finished building: ../src/fmcjesdadc1.c'
' '
'Building target: test_ad9250.elf'
'Invoking: MicroBlaze gcc linker'
mb-gcc -Wl,-T -Wl,../src/lscript.ld -L../../test_ad9250_bsp/sys_mb/lib -mlittle-endian -mxl-barrel-shift -mxl-pattern-compare -mno-xl-soft-div -mcpu=v11.0 -mno-xl-soft-mul -mxl-multiply-high -Wl,--no-relax -Wl,--gc-sections -o "test_ad9250.elf"  ./src/util/util.o  ./src/drivers/spi/spi.o  ./src/drivers/platform/xilinx/axi_io.o ./src/drivers/platform/xilinx/delay.o ./src/drivers/platform/xilinx/gpio.o ./src/drivers/platform/xilinx/xilinx_gpio.o ./src/drivers/platform/xilinx/xilinx_spi.o  ./src/drivers/io-expander/demux_spi/demux_spi.o  ./src/drivers/frequency/ad9517/ad9517.o  ./src/drivers/axi_core/jesd204/axi_adxcvr.o ./src/drivers/axi_core/jesd204/axi_jesd204_rx.o ./src/drivers/axi_core/jesd204/xilinx_transceiver.o  ./src/drivers/axi_core/clk_axi_clkgen/clk_axi_clkgen.o  ./src/drivers/axi_core/axi_dmac/axi_dmac.o  ./src/drivers/axi_core/axi_adc_core/axi_adc_core.o  ./src/drivers/adc/ad9250/ad9250.o  ./src/fmcjesdadc1.o ./src/platform.o   -Wl,--start-group,-lxil,-lgcc,-lc,--end-group
'Finished building target: test_ad9250.elf'
' '
'Invoking: MicroBlaze Print Size'
mb-size test_ad9250.elf  |tee "test_ad9250.elf.size"
   text	   data	    bss	    dec	    hex	filename
  99980	   1988	   3184	 105152	  19ac0	test_ad9250.elf
'Finished building: test_ad9250.elf.size'
' '
09:05:29 **** Auto Build of configuration Debug for project test_ad9250 ****
make all 
'Building file: ../src/fmcjesdadc1.c'
'Invoking: MicroBlaze gcc compiler'
mb-gcc -Wall -O0 -g3 -c -fmessage-length=0 -MT"src/fmcjesdadc1.o" -I../../test_ad9250_bsp/sys_mb/include -mlittle-endian -mxl-barrel-shift -mxl-pattern-compare -mno-xl-soft-div -mcpu=v11.0 -mno-xl-soft-mul -mxl-multiply-high -Wl,--no-relax -ffunction-sections -fdata-sections -MMD -MP -MF"src/fmcjesdadc1.d" -MT"src/fmcjesdadc1.o" -o "src/fmcjesdadc1.o" "../src/fmcjesdadc1.c"
'Finished building: ../src/fmcjesdadc1.c'
' '
'Building target: test_ad9250.elf'
'Invoking: MicroBlaze gcc linker'
mb-gcc -Wl,-T -Wl,../src/lscript.ld -L../../test_ad9250_bsp/sys_mb/lib -mlittle-endian -mxl-barrel-shift -mxl-pattern-compare -mno-xl-soft-div -mcpu=v11.0 -mno-xl-soft-mul -mxl-multiply-high -Wl,--no-relax -Wl,--gc-sections -o "test_ad9250.elf"  ./src/util/util.o  ./src/drivers/spi/spi.o  ./src/drivers/platform/xilinx/axi_io.o ./src/drivers/platform/xilinx/delay.o ./src/drivers/platform/xilinx/gpio.o ./src/drivers/platform/xilinx/xilinx_gpio.o ./src/drivers/platform/xilinx/xilinx_spi.o  ./src/drivers/io-expander/demux_spi/demux_spi.o  ./src/drivers/frequency/ad9517/ad9517.o  ./src/drivers/axi_core/jesd204/axi_adxcvr.o ./src/drivers/axi_core/jesd204/axi_jesd204_rx.o ./src/drivers/axi_core/jesd204/xilinx_transceiver.o  ./src/drivers/axi_core/clk_axi_clkgen/clk_axi_clkgen.o  ./src/drivers/axi_core/axi_dmac/axi_dmac.o  ./src/drivers/axi_core/axi_adc_core/axi_adc_core.o  ./src/drivers/adc/ad9250/ad9250.o  ./src/fmcjesdadc1.o ./src/platform.o   -Wl,--start-group,-lxil,-lgcc,-lc,--end-group
'Finished building target: test_ad9250.elf'
' '
'Invoking: MicroBlaze Print Size'
mb-size test_ad9250.elf  |tee "test_ad9250.elf.size"
   text	   data	    bss	    dec	    hex	filename
  99980	   1988	   3184	 105152	  19ac0	test_ad9250.elf
'Finished building: test_ad9250.elf.size'
' '
09:05:36 **** Incremental Build of configuration Debug for project test_ad9250 ****
make all 
make: Nothing to be done for 'all'.
09:05:45 **** Auto Build of configuration Debug for project test_ad9250 ****
make all 
'Building file: ../src/fmcjesdadc1.c'
'Invoking: MicroBlaze gcc compiler'
mb-gcc -Wall -O0 -g3 -c -fmessage-length=0 -MT"src/fmcjesdadc1.o" -I../../test_ad9250_bsp/sys_mb/include -mlittle-endian -mxl-barrel-shift -mxl-pattern-compare -mno-xl-soft-div -mcpu=v11.0 -mno-xl-soft-mul -mxl-multiply-high -Wl,--no-relax -ffunction-sections -fdata-sections -MMD -MP -MF"src/fmcjesdadc1.d" -MT"src/fmcjesdadc1.o" -o "src/fmcjesdadc1.o" "../src/fmcjesdadc1.c"
'Finished building: ../src/fmcjesdadc1.c'
' '
'Building target: test_ad9250.elf'
'Invoking: MicroBlaze gcc linker'
mb-gcc -Wl,-T -Wl,../src/lscript.ld -L../../test_ad9250_bsp/sys_mb/lib -mlittle-endian -mxl-barrel-shift -mxl-pattern-compare -mno-xl-soft-div -mcpu=v11.0 -mno-xl-soft-mul -mxl-multiply-high -Wl,--no-relax -Wl,--gc-sections -o "test_ad9250.elf"  ./src/util/util.o  ./src/drivers/spi/spi.o  ./src/drivers/platform/xilinx/axi_io.o ./src/drivers/platform/xilinx/delay.o ./src/drivers/platform/xilinx/gpio.o ./src/drivers/platform/xilinx/xilinx_gpio.o ./src/drivers/platform/xilinx/xilinx_spi.o  ./src/drivers/io-expander/demux_spi/demux_spi.o  ./src/drivers/frequency/ad9517/ad9517.o  ./src/drivers/axi_core/jesd204/axi_adxcvr.o ./src/drivers/axi_core/jesd204/axi_jesd204_rx.o ./src/drivers/axi_core/jesd204/xilinx_transceiver.o  ./src/drivers/axi_core/clk_axi_clkgen/clk_axi_clkgen.o  ./src/drivers/axi_core/axi_dmac/axi_dmac.o  ./src/drivers/axi_core/axi_adc_core/axi_adc_core.o  ./src/drivers/adc/ad9250/ad9250.o  ./src/fmcjesdadc1.o ./src/platform.o   -Wl,--start-group,-lxil,-lgcc,-lc,--end-group
'Finished building target: test_ad9250.elf'
' '
'Invoking: MicroBlaze Print Size'
mb-size test_ad9250.elf  |tee "test_ad9250.elf.size"
   text	   data	    bss	    dec	    hex	filename
  99980	   1988	   3184	 105152	  19ac0	test_ad9250.elf
'Finished building: test_ad9250.elf.size'
' '
09:05:51 **** Auto Build of configuration Debug for project test_ad9250 ****
make all 
'Building file: ../src/fmcjesdadc1.c'
'Invoking: MicroBlaze gcc compiler'
mb-gcc -Wall -O0 -g3 -c -fmessage-length=0 -MT"src/fmcjesdadc1.o" -I../../test_ad9250_bsp/sys_mb/include -mlittle-endian -mxl-barrel-shift -mxl-pattern-compare -mno-xl-soft-div -mcpu=v11.0 -mno-xl-soft-mul -mxl-multiply-high -Wl,--no-relax -ffunction-sections -fdata-sections -MMD -MP -MF"src/fmcjesdadc1.d" -MT"src/fmcjesdadc1.o" -o "src/fmcjesdadc1.o" "../src/fmcjesdadc1.c"
'Finished building: ../src/fmcjesdadc1.c'
' '
'Building target: test_ad9250.elf'
'Invoking: MicroBlaze gcc linker'
mb-gcc -Wl,-T -Wl,../src/lscript.ld -L../../test_ad9250_bsp/sys_mb/lib -mlittle-endian -mxl-barrel-shift -mxl-pattern-compare -mno-xl-soft-div -mcpu=v11.0 -mno-xl-soft-mul -mxl-multiply-high -Wl,--no-relax -Wl,--gc-sections -o "test_ad9250.elf"  ./src/util/util.o  ./src/drivers/spi/spi.o  ./src/drivers/platform/xilinx/axi_io.o ./src/drivers/platform/xilinx/delay.o ./src/drivers/platform/xilinx/gpio.o ./src/drivers/platform/xilinx/xilinx_gpio.o ./src/drivers/platform/xilinx/xilinx_spi.o  ./src/drivers/io-expander/demux_spi/demux_spi.o  ./src/drivers/frequency/ad9517/ad9517.o  ./src/drivers/axi_core/jesd204/axi_adxcvr.o ./src/drivers/axi_core/jesd204/axi_jesd204_rx.o ./src/drivers/axi_core/jesd204/xilinx_transceiver.o  ./src/drivers/axi_core/clk_axi_clkgen/clk_axi_clkgen.o  ./src/drivers/axi_core/axi_dmac/axi_dmac.o  ./src/drivers/axi_core/axi_adc_core/axi_adc_core.o  ./src/drivers/adc/ad9250/ad9250.o  ./src/fmcjesdadc1.o ./src/platform.o   -Wl,--start-group,-lxil,-lgcc,-lc,--end-group
'Finished building target: test_ad9250.elf'
' '
'Invoking: MicroBlaze Print Size'
mb-size test_ad9250.elf  |tee "test_ad9250.elf.size"
   text	   data	    bss	    dec	    hex	filename
  99980	   1988	   3184	 105152	  19ac0	test_ad9250.elf
'Finished building: test_ad9250.elf.size'
' '
09:05:58 **** Incremental Build of configuration Debug for project test_ad9250 ****
make all 
make: Nothing to be done for 'all'.
09:06:12 **** Auto Build of configuration Debug for project test_ad9250 ****
make all 
'Building file: ../src/fmcjesdadc1.c'
'Invoking: MicroBlaze gcc compiler'
mb-gcc -Wall -O0 -g3 -c -fmessage-length=0 -MT"src/fmcjesdadc1.o" -I../../test_ad9250_bsp/sys_mb/include -mlittle-endian -mxl-barrel-shift -mxl-pattern-compare -mno-xl-soft-div -mcpu=v11.0 -mno-xl-soft-mul -mxl-multiply-high -Wl,--no-relax -ffunction-sections -fdata-sections -MMD -MP -MF"src/fmcjesdadc1.d" -MT"src/fmcjesdadc1.o" -o "src/fmcjesdadc1.o" "../src/fmcjesdadc1.c"
'Finished building: ../src/fmcjesdadc1.c'
' '
'Building target: test_ad9250.elf'
'Invoking: MicroBlaze gcc linker'
mb-gcc -Wl,-T -Wl,../src/lscript.ld -L../../test_ad9250_bsp/sys_mb/lib -mlittle-endian -mxl-barrel-shift -mxl-pattern-compare -mno-xl-soft-div -mcpu=v11.0 -mno-xl-soft-mul -mxl-multiply-high -Wl,--no-relax -Wl,--gc-sections -o "test_ad9250.elf"  ./src/util/util.o  ./src/drivers/spi/spi.o  ./src/drivers/platform/xilinx/axi_io.o ./src/drivers/platform/xilinx/delay.o ./src/drivers/platform/xilinx/gpio.o ./src/drivers/platform/xilinx/xilinx_gpio.o ./src/drivers/platform/xilinx/xilinx_spi.o  ./src/drivers/io-expander/demux_spi/demux_spi.o  ./src/drivers/frequency/ad9517/ad9517.o  ./src/drivers/axi_core/jesd204/axi_adxcvr.o ./src/drivers/axi_core/jesd204/axi_jesd204_rx.o ./src/drivers/axi_core/jesd204/xilinx_transceiver.o  ./src/drivers/axi_core/clk_axi_clkgen/clk_axi_clkgen.o  ./src/drivers/axi_core/axi_dmac/axi_dmac.o  ./src/drivers/axi_core/axi_adc_core/axi_adc_core.o  ./src/drivers/adc/ad9250/ad9250.o  ./src/fmcjesdadc1.o ./src/platform.o   -Wl,--start-group,-lxil,-lgcc,-lc,--end-group
'Finished building target: test_ad9250.elf'
' '
'Invoking: MicroBlaze Print Size'
mb-size test_ad9250.elf  |tee "test_ad9250.elf.size"
   text	   data	    bss	    dec	    hex	filename
  99980	   1988	   3184	 105152	  19ac0	test_ad9250.elf
'Finished building: test_ad9250.elf.size'
' '
09:18:07 **** Incremental Build of configuration Debug for project test_ad9250 ****
make all 
make: Nothing to be done for 'all'.
09:19:08 **** Auto Build of configuration Debug for project test_ad9250 ****
make all 
'Building file: ../src/fmcjesdadc1.c'
'Invoking: MicroBlaze gcc compiler'
mb-gcc -Wall -O0 -g3 -c -fmessage-length=0 -MT"src/fmcjesdadc1.o" -I../../test_ad9250_bsp/sys_mb/include -mlittle-endian -mxl-barrel-shift -mxl-pattern-compare -mno-xl-soft-div -mcpu=v11.0 -mno-xl-soft-mul -mxl-multiply-high -Wl,--no-relax -ffunction-sections -fdata-sections -MMD -MP -MF"src/fmcjesdadc1.d" -MT"src/fmcjesdadc1.o" -o "src/fmcjesdadc1.o" "../src/fmcjesdadc1.c"
'Finished building: ../src/fmcjesdadc1.c'
' '
'Building target: test_ad9250.elf'
'Invoking: MicroBlaze gcc linker'
mb-gcc -Wl,-T -Wl,../src/lscript.ld -L../../test_ad9250_bsp/sys_mb/lib -mlittle-endian -mxl-barrel-shift -mxl-pattern-compare -mno-xl-soft-div -mcpu=v11.0 -mno-xl-soft-mul -mxl-multiply-high -Wl,--no-relax -Wl,--gc-sections -o "test_ad9250.elf"  ./src/util/util.o  ./src/drivers/spi/spi.o  ./src/drivers/platform/xilinx/axi_io.o ./src/drivers/platform/xilinx/delay.o ./src/drivers/platform/xilinx/gpio.o ./src/drivers/platform/xilinx/xilinx_gpio.o ./src/drivers/platform/xilinx/xilinx_spi.o  ./src/drivers/io-expander/demux_spi/demux_spi.o  ./src/drivers/frequency/ad9517/ad9517.o  ./src/drivers/axi_core/jesd204/axi_adxcvr.o ./src/drivers/axi_core/jesd204/axi_jesd204_rx.o ./src/drivers/axi_core/jesd204/xilinx_transceiver.o  ./src/drivers/axi_core/clk_axi_clkgen/clk_axi_clkgen.o  ./src/drivers/axi_core/axi_dmac/axi_dmac.o  ./src/drivers/axi_core/axi_adc_core/axi_adc_core.o  ./src/drivers/adc/ad9250/ad9250.o  ./src/fmcjesdadc1.o ./src/platform.o   -Wl,--start-group,-lxil,-lgcc,-lc,--end-group
'Finished building target: test_ad9250.elf'
' '
'Invoking: MicroBlaze Print Size'
mb-size test_ad9250.elf  |tee "test_ad9250.elf.size"
   text	   data	    bss	    dec	    hex	filename
  99980	   1988	   3184	 105152	  19ac0	test_ad9250.elf
'Finished building: test_ad9250.elf.size'
' '
09:19:16 **** Incremental Build of configuration Debug for project test_ad9250 ****
make all 
make: Nothing to be done for 'all'.
09:19:30 **** Auto Build of configuration Debug for project test_ad9250 ****
make all 
'Building file: ../src/fmcjesdadc1.c'
'Invoking: MicroBlaze gcc compiler'
mb-gcc -Wall -O0 -g3 -c -fmessage-length=0 -MT"src/fmcjesdadc1.o" -I../../test_ad9250_bsp/sys_mb/include -mlittle-endian -mxl-barrel-shift -mxl-pattern-compare -mno-xl-soft-div -mcpu=v11.0 -mno-xl-soft-mul -mxl-multiply-high -Wl,--no-relax -ffunction-sections -fdata-sections -MMD -MP -MF"src/fmcjesdadc1.d" -MT"src/fmcjesdadc1.o" -o "src/fmcjesdadc1.o" "../src/fmcjesdadc1.c"
'Finished building: ../src/fmcjesdadc1.c'
' '
'Building target: test_ad9250.elf'
'Invoking: MicroBlaze gcc linker'
mb-gcc -Wl,-T -Wl,../src/lscript.ld -L../../test_ad9250_bsp/sys_mb/lib -mlittle-endian -mxl-barrel-shift -mxl-pattern-compare -mno-xl-soft-div -mcpu=v11.0 -mno-xl-soft-mul -mxl-multiply-high -Wl,--no-relax -Wl,--gc-sections -o "test_ad9250.elf"  ./src/util/util.o  ./src/drivers/spi/spi.o  ./src/drivers/platform/xilinx/axi_io.o ./src/drivers/platform/xilinx/delay.o ./src/drivers/platform/xilinx/gpio.o ./src/drivers/platform/xilinx/xilinx_gpio.o ./src/drivers/platform/xilinx/xilinx_spi.o  ./src/drivers/io-expander/demux_spi/demux_spi.o  ./src/drivers/frequency/ad9517/ad9517.o  ./src/drivers/axi_core/jesd204/axi_adxcvr.o ./src/drivers/axi_core/jesd204/axi_jesd204_rx.o ./src/drivers/axi_core/jesd204/xilinx_transceiver.o  ./src/drivers/axi_core/clk_axi_clkgen/clk_axi_clkgen.o  ./src/drivers/axi_core/axi_dmac/axi_dmac.o  ./src/drivers/axi_core/axi_adc_core/axi_adc_core.o  ./src/drivers/adc/ad9250/ad9250.o  ./src/fmcjesdadc1.o ./src/platform.o   -Wl,--start-group,-lxil,-lgcc,-lc,--end-group
'Finished building target: test_ad9250.elf'
' '
'Invoking: MicroBlaze Print Size'
mb-size test_ad9250.elf  |tee "test_ad9250.elf.size"
   text	   data	    bss	    dec	    hex	filename
  99980	   1988	   3184	 105152	  19ac0	test_ad9250.elf
'Finished building: test_ad9250.elf.size'
' '
09:19:46 **** Incremental Build of configuration Debug for project test_ad9250 ****
make all 
make: Nothing to be done for 'all'.
09:50:13 **** Auto Build of configuration Debug for project test_ad9250 ****
make all 
'Building file: ../src/drivers/axi_core/jesd204/axi_jesd204_rx.c'
'Invoking: MicroBlaze gcc compiler'
mb-gcc -Wall -O0 -g3 -c -fmessage-length=0 -MT"src/drivers/axi_core/jesd204/axi_jesd204_rx.o" -I../../test_ad9250_bsp/sys_mb/include -mlittle-endian -mxl-barrel-shift -mxl-pattern-compare -mno-xl-soft-div -mcpu=v11.0 -mno-xl-soft-mul -mxl-multiply-high -Wl,--no-relax -ffunction-sections -fdata-sections -MMD -MP -MF"src/drivers/axi_core/jesd204/axi_jesd204_rx.d" -MT"src/drivers/axi_core/jesd204/axi_jesd204_rx.o" -o "src/drivers/axi_core/jesd204/axi_jesd204_rx.o" "../src/drivers/axi_core/jesd204/axi_jesd204_rx.c"
../src/drivers/axi_core/jesd204/axi_jesd204_rx.c: In function 'axi_jesd204_rx_status_read':
../src/drivers/axi_core/jesd204/axi_jesd204_rx.c:253:10: warning: too many arguments for format [-Wformat-extra-args]
   printf("\tLane rate: %"PRIu32".%.3"PRIu32" MHz\n"
          ^~~~~~~~~~~~~~~~
'Finished building: ../src/drivers/axi_core/jesd204/axi_jesd204_rx.c'
' '
'Building target: test_ad9250.elf'
'Invoking: MicroBlaze gcc linker'
mb-gcc -Wl,-T -Wl,../src/lscript.ld -L../../test_ad9250_bsp/sys_mb/lib -mlittle-endian -mxl-barrel-shift -mxl-pattern-compare -mno-xl-soft-div -mcpu=v11.0 -mno-xl-soft-mul -mxl-multiply-high -Wl,--no-relax -Wl,--gc-sections -o "test_ad9250.elf"  ./src/util/util.o  ./src/drivers/spi/spi.o  ./src/drivers/platform/xilinx/axi_io.o ./src/drivers/platform/xilinx/delay.o ./src/drivers/platform/xilinx/gpio.o ./src/drivers/platform/xilinx/xilinx_gpio.o ./src/drivers/platform/xilinx/xilinx_spi.o  ./src/drivers/io-expander/demux_spi/demux_spi.o  ./src/drivers/frequency/ad9517/ad9517.o  ./src/drivers/axi_core/jesd204/axi_adxcvr.o ./src/drivers/axi_core/jesd204/axi_jesd204_rx.o ./src/drivers/axi_core/jesd204/xilinx_transceiver.o  ./src/drivers/axi_core/clk_axi_clkgen/clk_axi_clkgen.o  ./src/drivers/axi_core/axi_dmac/axi_dmac.o  ./src/drivers/axi_core/axi_adc_core/axi_adc_core.o  ./src/drivers/adc/ad9250/ad9250.o  ./src/fmcjesdadc1.o ./src/platform.o   -Wl,--start-group,-lxil,-lgcc,-lc,--end-group
'Finished building target: test_ad9250.elf'
' '
'Invoking: MicroBlaze Print Size'
mb-size test_ad9250.elf  |tee "test_ad9250.elf.size"
   text	   data	    bss	    dec	    hex	filename
  99892	   1988	   3184	 105064	  19a68	test_ad9250.elf
'Finished building: test_ad9250.elf.size'
' '
09:52:03 **** Auto Build of configuration Debug for project test_ad9250 ****
make all 
'Building file: ../src/drivers/axi_core/jesd204/axi_jesd204_rx.c'
'Invoking: MicroBlaze gcc compiler'
mb-gcc -Wall -O0 -g3 -c -fmessage-length=0 -MT"src/drivers/axi_core/jesd204/axi_jesd204_rx.o" -I../../test_ad9250_bsp/sys_mb/include -mlittle-endian -mxl-barrel-shift -mxl-pattern-compare -mno-xl-soft-div -mcpu=v11.0 -mno-xl-soft-mul -mxl-multiply-high -Wl,--no-relax -ffunction-sections -fdata-sections -MMD -MP -MF"src/drivers/axi_core/jesd204/axi_jesd204_rx.d" -MT"src/drivers/axi_core/jesd204/axi_jesd204_rx.o" -o "src/drivers/axi_core/jesd204/axi_jesd204_rx.o" "../src/drivers/axi_core/jesd204/axi_jesd204_rx.c"
'Finished building: ../src/drivers/axi_core/jesd204/axi_jesd204_rx.c'
' '
'Building target: test_ad9250.elf'
'Invoking: MicroBlaze gcc linker'
mb-gcc -Wl,-T -Wl,../src/lscript.ld -L../../test_ad9250_bsp/sys_mb/lib -mlittle-endian -mxl-barrel-shift -mxl-pattern-compare -mno-xl-soft-div -mcpu=v11.0 -mno-xl-soft-mul -mxl-multiply-high -Wl,--no-relax -Wl,--gc-sections -o "test_ad9250.elf"  ./src/util/util.o  ./src/drivers/spi/spi.o  ./src/drivers/platform/xilinx/axi_io.o ./src/drivers/platform/xilinx/delay.o ./src/drivers/platform/xilinx/gpio.o ./src/drivers/platform/xilinx/xilinx_gpio.o ./src/drivers/platform/xilinx/xilinx_spi.o  ./src/drivers/io-expander/demux_spi/demux_spi.o  ./src/drivers/frequency/ad9517/ad9517.o  ./src/drivers/axi_core/jesd204/axi_adxcvr.o ./src/drivers/axi_core/jesd204/axi_jesd204_rx.o ./src/drivers/axi_core/jesd204/xilinx_transceiver.o  ./src/drivers/axi_core/clk_axi_clkgen/clk_axi_clkgen.o  ./src/drivers/axi_core/axi_dmac/axi_dmac.o  ./src/drivers/axi_core/axi_adc_core/axi_adc_core.o  ./src/drivers/adc/ad9250/ad9250.o  ./src/fmcjesdadc1.o ./src/platform.o   -Wl,--start-group,-lxil,-lgcc,-lc,--end-group
'Finished building target: test_ad9250.elf'
' '
'Invoking: MicroBlaze Print Size'
mb-size test_ad9250.elf  |tee "test_ad9250.elf.size"
   text	   data	    bss	    dec	    hex	filename
  99924	   1988	   3184	 105096	  19a88	test_ad9250.elf
'Finished building: test_ad9250.elf.size'
' '
09:52:20 **** Auto Build of configuration Debug for project test_ad9250 ****
make all 
'Building file: ../src/drivers/axi_core/jesd204/axi_jesd204_rx.c'
'Invoking: MicroBlaze gcc compiler'
mb-gcc -Wall -O0 -g3 -c -fmessage-length=0 -MT"src/drivers/axi_core/jesd204/axi_jesd204_rx.o" -I../../test_ad9250_bsp/sys_mb/include -mlittle-endian -mxl-barrel-shift -mxl-pattern-compare -mno-xl-soft-div -mcpu=v11.0 -mno-xl-soft-mul -mxl-multiply-high -Wl,--no-relax -ffunction-sections -fdata-sections -MMD -MP -MF"src/drivers/axi_core/jesd204/axi_jesd204_rx.d" -MT"src/drivers/axi_core/jesd204/axi_jesd204_rx.o" -o "src/drivers/axi_core/jesd204/axi_jesd204_rx.o" "../src/drivers/axi_core/jesd204/axi_jesd204_rx.c"
'Finished building: ../src/drivers/axi_core/jesd204/axi_jesd204_rx.c'
' '
'Building target: test_ad9250.elf'
'Invoking: MicroBlaze gcc linker'
mb-gcc -Wl,-T -Wl,../src/lscript.ld -L../../test_ad9250_bsp/sys_mb/lib -mlittle-endian -mxl-barrel-shift -mxl-pattern-compare -mno-xl-soft-div -mcpu=v11.0 -mno-xl-soft-mul -mxl-multiply-high -Wl,--no-relax -Wl,--gc-sections -o "test_ad9250.elf"  ./src/util/util.o  ./src/drivers/spi/spi.o  ./src/drivers/platform/xilinx/axi_io.o ./src/drivers/platform/xilinx/delay.o ./src/drivers/platform/xilinx/gpio.o ./src/drivers/platform/xilinx/xilinx_gpio.o ./src/drivers/platform/xilinx/xilinx_spi.o  ./src/drivers/io-expander/demux_spi/demux_spi.o  ./src/drivers/frequency/ad9517/ad9517.o  ./src/drivers/axi_core/jesd204/axi_adxcvr.o ./src/drivers/axi_core/jesd204/axi_jesd204_rx.o ./src/drivers/axi_core/jesd204/xilinx_transceiver.o  ./src/drivers/axi_core/clk_axi_clkgen/clk_axi_clkgen.o  ./src/drivers/axi_core/axi_dmac/axi_dmac.o  ./src/drivers/axi_core/axi_adc_core/axi_adc_core.o  ./src/drivers/adc/ad9250/ad9250.o  ./src/fmcjesdadc1.o ./src/platform.o   -Wl,--start-group,-lxil,-lgcc,-lc,--end-group
'Finished building target: test_ad9250.elf'
' '
'Invoking: MicroBlaze Print Size'
mb-size test_ad9250.elf  |tee "test_ad9250.elf.size"
   text	   data	    bss	    dec	    hex	filename
  99892	   1988	   3184	 105064	  19a68	test_ad9250.elf
'Finished building: test_ad9250.elf.size'
' '
09:52:27 **** Incremental Build of configuration Debug for project test_ad9250 ****
make all 
make: Nothing to be done for 'all'.
09:52:47 **** Incremental Build of configuration Debug for project test_ad9250 ****
make all 
make: Nothing to be done for 'all'.
09:56:12 **** Auto Build of configuration Debug for project test_ad9250 ****
make all 
'Building file: ../src/drivers/axi_core/jesd204/axi_jesd204_rx.c'
'Invoking: MicroBlaze gcc compiler'
mb-gcc -Wall -O0 -g3 -c -fmessage-length=0 -MT"src/drivers/axi_core/jesd204/axi_jesd204_rx.o" -I../../test_ad9250_bsp/sys_mb/include -mlittle-endian -mxl-barrel-shift -mxl-pattern-compare -mno-xl-soft-div -mcpu=v11.0 -mno-xl-soft-mul -mxl-multiply-high -Wl,--no-relax -ffunction-sections -fdata-sections -MMD -MP -MF"src/drivers/axi_core/jesd204/axi_jesd204_rx.d" -MT"src/drivers/axi_core/jesd204/axi_jesd204_rx.o" -o "src/drivers/axi_core/jesd204/axi_jesd204_rx.o" "../src/drivers/axi_core/jesd204/axi_jesd204_rx.c"
../src/drivers/axi_core/jesd204/axi_jesd204_rx.c: In function 'axi_jesd204_rx_status_read':
../src/drivers/axi_core/jesd204/axi_jesd204_rx.c:253:10: warning: missing terminating " character
   printf("\tLane rate: \n);
          ^
../src/drivers/axi_core/jesd204/axi_jesd204_rx.c:253:10: error: missing terminating " character
   printf("\tLane rate: \n);
          ^~~~~~~~~~~~~~~~~~
../src/drivers/axi_core/jesd204/axi_jesd204_rx.c:262:58: error: expected ')' before ';' token
          "disabled" : (sysref_status & 2) ? "Yes" : "No");
                                                          ^
                                                          )
../src/drivers/axi_core/jesd204/axi_jesd204_rx.c:255:3: warning: passing argument 1 of 'printf' makes pointer from integer without a cast [-Wint-conversion]
   printf("\tLink status: %s\n"
   ^~~~~~~~~~~~~~~~~~~~~~~~~~~~
          "\tSYSREF captured: %s\n"
          ~~~~~~~~~~~~~~~~~~~~~~~~~
          "\tSYSREF alignment error: %s\n",
          ~~~~~~~~~~~~~~~~~~~~~~~~~~~~~~~~~
          l_status,
          ~~~~~~~~~
          (sysref_config & JESD204_RX_REG_SYSREF_CONF_SYSREF_DISABLE) ?
          ~~~~~~~~~~~~~~~~~~~~~~~~~~~~~~~~~~~~~~~~~~~~~~~~~~~~~~~~~~~~~
          "disabled" : (sysref_status & 1) ? "Yes" : "No",
          ~~~~~~~~~~~~~~~~~~~~~~~~~~~~~~~~~~~~~~~~~~~~~~~~
          (sysref_config & JESD204_RX_REG_SYSREF_CONF_SYSREF_DISABLE) ?
          ~~~~~~~~~~~~~~~~~~~~~~~~~~~~~~~~~~~~~~~~~~~~~~~~~~~~~~~~~~~~~
          "disabled" : (sysref_status & 2) ? "Yes" : "No");
          ~~~~~~~~~~~~~~~~~~~~~~~~~~~~~~~~~~~~~~~~~~~~~~~~
In file included from ../src/drivers/axi_core/jesd204/axi_jesd204_rx.c:44:
c:\xilinx\sdk\2019.1\gnu\microblaze\nt\microblaze-xilinx-elf\include\stdio.h:200:13: note: expected 'const char * restrict' but argument is of type 'int'
 int printf (const char *__restrict, ...)
             ^
../src/drivers/axi_core/jesd204/axi_jesd204_rx.c:262:59: error: expected ';' before '}' token
          "disabled" : (sysref_status & 2) ? "Yes" : "No");
                                                           ^
                                                           ;
  } else {
  ~                                                         
../src/drivers/axi_core/jesd204/axi_jesd204_rx.c:205:11: warning: variable 'lmfc_rate' set but not used [-Wunused-but-set-variable]
  uint32_t lmfc_rate;
           ^~~~~~~~~
../src/drivers/axi_core/jesd204/axi_jesd204_rx.c:202:11: warning: variable 'link_rate' set but not used [-Wunused-but-set-variable]
  uint32_t link_rate;
           ^~~~~~~~~
make: *** [src/drivers/axi_core/jesd204/subdir.mk:26: src/drivers/axi_core/jesd204/axi_jesd204_rx.o] Error 1
09:57:22 **** Auto Build of configuration Debug for project test_ad9250 ****
make all 
'Building file: ../src/drivers/axi_core/jesd204/axi_jesd204_rx.c'
'Invoking: MicroBlaze gcc compiler'
mb-gcc -Wall -O0 -g3 -c -fmessage-length=0 -MT"src/drivers/axi_core/jesd204/axi_jesd204_rx.o" -I../../test_ad9250_bsp/sys_mb/include -mlittle-endian -mxl-barrel-shift -mxl-pattern-compare -mno-xl-soft-div -mcpu=v11.0 -mno-xl-soft-mul -mxl-multiply-high -Wl,--no-relax -ffunction-sections -fdata-sections -MMD -MP -MF"src/drivers/axi_core/jesd204/axi_jesd204_rx.d" -MT"src/drivers/axi_core/jesd204/axi_jesd204_rx.o" -o "src/drivers/axi_core/jesd204/axi_jesd204_rx.o" "../src/drivers/axi_core/jesd204/axi_jesd204_rx.c"
../src/drivers/axi_core/jesd204/axi_jesd204_rx.c: In function 'axi_jesd204_rx_status_read':
../src/drivers/axi_core/jesd204/axi_jesd204_rx.c:206:14: warning: variable 'l_status' set but not used [-Wunused-but-set-variable]
  const char *l_status;
              ^~~~~~~~
../src/drivers/axi_core/jesd204/axi_jesd204_rx.c:205:11: warning: variable 'lmfc_rate' set but not used [-Wunused-but-set-variable]
  uint32_t lmfc_rate;
           ^~~~~~~~~
../src/drivers/axi_core/jesd204/axi_jesd204_rx.c:202:11: warning: variable 'link_rate' set but not used [-Wunused-but-set-variable]
  uint32_t link_rate;
           ^~~~~~~~~
'Finished building: ../src/drivers/axi_core/jesd204/axi_jesd204_rx.c'
' '
'Building target: test_ad9250.elf'
'Invoking: MicroBlaze gcc linker'
mb-gcc -Wl,-T -Wl,../src/lscript.ld -L../../test_ad9250_bsp/sys_mb/lib -mlittle-endian -mxl-barrel-shift -mxl-pattern-compare -mno-xl-soft-div -mcpu=v11.0 -mno-xl-soft-mul -mxl-multiply-high -Wl,--no-relax -Wl,--gc-sections -o "test_ad9250.elf"  ./src/util/util.o  ./src/drivers/spi/spi.o  ./src/drivers/platform/xilinx/axi_io.o ./src/drivers/platform/xilinx/delay.o ./src/drivers/platform/xilinx/gpio.o ./src/drivers/platform/xilinx/xilinx_gpio.o ./src/drivers/platform/xilinx/xilinx_spi.o  ./src/drivers/io-expander/demux_spi/demux_spi.o  ./src/drivers/frequency/ad9517/ad9517.o  ./src/drivers/axi_core/jesd204/axi_adxcvr.o ./src/drivers/axi_core/jesd204/axi_jesd204_rx.o ./src/drivers/axi_core/jesd204/xilinx_transceiver.o  ./src/drivers/axi_core/clk_axi_clkgen/clk_axi_clkgen.o  ./src/drivers/axi_core/axi_dmac/axi_dmac.o  ./src/drivers/axi_core/axi_adc_core/axi_adc_core.o  ./src/drivers/adc/ad9250/ad9250.o  ./src/fmcjesdadc1.o ./src/platform.o   -Wl,--start-group,-lxil,-lgcc,-lc,--end-group
'Finished building target: test_ad9250.elf'
' '
'Invoking: MicroBlaze Print Size'
[...]
'Finished building target: test_ad9250.elf'
' '
'Invoking: MicroBlaze Print Size'
mb-size test_ad9250.elf  |tee "test_ad9250.elf.size"
   text	   data	    bss	    dec	    hex	filename
 101360	   1988	   3180	 106528	  1a020	test_ad9250.elf
'Finished building: test_ad9250.elf.size'
' '
16:56:33 **** Incremental Build of configuration Debug for project test_ad9250 ****
make all 
make: Nothing to be done for 'all'.
16:57:00 **** Auto Build of configuration Debug for project test_ad9250 ****
make all 
'Building file: ../src/drivers/axi_core/jesd204/axi_jesd204_rx.c'
'Invoking: MicroBlaze gcc compiler'
mb-gcc -Wall -O0 -g3 -c -fmessage-length=0 -MT"src/drivers/axi_core/jesd204/axi_jesd204_rx.o" -I../../test_ad9250_bsp/sys_mb/include -mlittle-endian -mxl-barrel-shift -mxl-pattern-compare -mno-xl-soft-div -mcpu=v11.0 -mno-xl-soft-mul -mxl-multiply-high -Wl,--no-relax -ffunction-sections -fdata-sections -MMD -MP -MF"src/drivers/axi_core/jesd204/axi_jesd204_rx.d" -MT"src/drivers/axi_core/jesd204/axi_jesd204_rx.o" -o "src/drivers/axi_core/jesd204/axi_jesd204_rx.o" "../src/drivers/axi_core/jesd204/axi_jesd204_rx.c"
../src/drivers/axi_core/jesd204/axi_jesd204_rx.c: In function 'axi_jesd204_rx_status_read':
../src/drivers/axi_core/jesd204/axi_jesd204_rx.c:205:11: warning: variable 'lmfc_rate' set but not used [-Wunused-but-set-variable]
  uint32_t lmfc_rate;
           ^~~~~~~~~
../src/drivers/axi_core/jesd204/axi_jesd204_rx.c:202:11: warning: variable 'link_rate' set but not used [-Wunused-but-set-variable]
  uint32_t link_rate;
           ^~~~~~~~~
'Finished building: ../src/drivers/axi_core/jesd204/axi_jesd204_rx.c'
' '
'Building target: test_ad9250.elf'
'Invoking: MicroBlaze gcc linker'
mb-gcc -Wl,-T -Wl,../src/lscript.ld -L../../test_ad9250_bsp/sys_mb/lib -mlittle-endian -mxl-barrel-shift -mxl-pattern-compare -mno-xl-soft-div -mcpu=v11.0 -mno-xl-soft-mul -mxl-multiply-high -Wl,--no-relax -Wl,--gc-sections -o "test_ad9250.elf"  ./src/util/util.o  ./src/drivers/spi/spi.o  ./src/drivers/platform/xilinx/axi_io.o ./src/drivers/platform/xilinx/delay.o ./src/drivers/platform/xilinx/gpio.o ./src/drivers/platform/xilinx/xilinx_gpio.o ./src/drivers/platform/xilinx/xilinx_spi.o  ./src/drivers/io-expander/demux_spi/demux_spi.o  ./src/drivers/frequency/ad9517/ad9517.o  ./src/drivers/axi_core/jesd204/axi_adxcvr.o ./src/drivers/axi_core/jesd204/axi_jesd204_rx.o ./src/drivers/axi_core/jesd204/xilinx_transceiver.o  ./src/drivers/axi_core/clk_axi_clkgen/clk_axi_clkgen.o  ./src/drivers/axi_core/axi_dmac/axi_dmac.o  ./src/drivers/axi_core/axi_adc_core/axi_adc_core.o  ./src/drivers/adc/ad9250/ad9250.o  ./src/fmcjesdadc1.o ./src/platform.o   -Wl,--start-group,-lxil,-lgcc,-lc,--end-group
'Finished building target: test_ad9250.elf'
' '
'Invoking: MicroBlaze Print Size'
mb-size test_ad9250.elf  |tee "test_ad9250.elf.size"
   text	   data	    bss	    dec	    hex	filename
  99360	   1988	   3180	 104528	  19850	test_ad9250.elf
'Finished building: test_ad9250.elf.size'
' '
16:57:04 **** Incremental Build of configuration Debug for project test_ad9250 ****
make all 
make: Nothing to be done for 'all'.
16:59:17 **** Auto Build of configuration Debug for project test_ad9250 ****
make all 
'Building file: ../src/drivers/axi_core/jesd204/axi_jesd204_rx.c'
'Invoking: MicroBlaze gcc compiler'
mb-gcc -Wall -O0 -g3 -c -fmessage-length=0 -MT"src/drivers/axi_core/jesd204/axi_jesd204_rx.o" -I../../test_ad9250_bsp/sys_mb/include -mlittle-endian -mxl-barrel-shift -mxl-pattern-compare -mno-xl-soft-div -mcpu=v11.0 -mno-xl-soft-mul -mxl-multiply-high -Wl,--no-relax -ffunction-sections -fdata-sections -MMD -MP -MF"src/drivers/axi_core/jesd204/axi_jesd204_rx.d" -MT"src/drivers/axi_core/jesd204/axi_jesd204_rx.o" -o "src/drivers/axi_core/jesd204/axi_jesd204_rx.o" "../src/drivers/axi_core/jesd204/axi_jesd204_rx.c"
../src/drivers/axi_core/jesd204/axi_jesd204_rx.c: In function 'axi_jesd204_rx_status_read':
../src/drivers/axi_core/jesd204/axi_jesd204_rx.c:206:14: warning: variable 'l_status' set but not used [-Wunused-but-set-variable]
  const char *l_status;
              ^~~~~~~~
../src/drivers/axi_core/jesd204/axi_jesd204_rx.c:205:11: warning: variable 'lmfc_rate' set but not used [-Wunused-but-set-variable]
  uint32_t lmfc_rate;
           ^~~~~~~~~
../src/drivers/axi_core/jesd204/axi_jesd204_rx.c:202:11: warning: variable 'link_rate' set but not used [-Wunused-but-set-variable]
  uint32_t link_rate;
           ^~~~~~~~~
'Finished building: ../src/drivers/axi_core/jesd204/axi_jesd204_rx.c'
' '
'Building target: test_ad9250.elf'
'Invoking: MicroBlaze gcc linker'
mb-gcc -Wl,-T -Wl,../src/lscript.ld -L../../test_ad9250_bsp/sys_mb/lib -mlittle-endian -mxl-barrel-shift -mxl-pattern-compare -mno-xl-soft-div -mcpu=v11.0 -mno-xl-soft-mul -mxl-multiply-high -Wl,--no-relax -Wl,--gc-sections -o "test_ad9250.elf"  ./src/util/util.o  ./src/drivers/spi/spi.o  ./src/drivers/platform/xilinx/axi_io.o ./src/drivers/platform/xilinx/delay.o ./src/drivers/platform/xilinx/gpio.o ./src/drivers/platform/xilinx/xilinx_gpio.o ./src/drivers/platform/xilinx/xilinx_spi.o  ./src/drivers/io-expander/demux_spi/demux_spi.o  ./src/drivers/frequency/ad9517/ad9517.o  ./src/drivers/axi_core/jesd204/axi_adxcvr.o ./src/drivers/axi_core/jesd204/axi_jesd204_rx.o ./src/drivers/axi_core/jesd204/xilinx_transceiver.o  ./src/drivers/axi_core/clk_axi_clkgen/clk_axi_clkgen.o  ./src/drivers/axi_core/axi_dmac/axi_dmac.o  ./src/drivers/axi_core/axi_adc_core/axi_adc_core.o  ./src/drivers/adc/ad9250/ad9250.o  ./src/fmcjesdadc1.o ./src/platform.o   -Wl,--start-group,-lxil,-lgcc,-lc,--end-group
'Finished building target: test_ad9250.elf'
' '
'Invoking: MicroBlaze Print Size'
mb-size test_ad9250.elf  |tee "test_ad9250.elf.size"
   text	   data	    bss	    dec	    hex	filename
  99176	   1988	   3180	 104344	  19798	test_ad9250.elf
'Finished building: test_ad9250.elf.size'
' '
16:59:24 **** Incremental Build of configuration Debug for project test_ad9250 ****
make all 
make: Nothing to be done for 'all'.
17:00:05 **** Auto Build of configuration Debug for project test_ad9250 ****
make all 
'Building file: ../src/drivers/axi_core/jesd204/axi_jesd204_rx.c'
'Invoking: MicroBlaze gcc compiler'
mb-gcc -Wall -O0 -g3 -c -fmessage-length=0 -MT"src/drivers/axi_core/jesd204/axi_jesd204_rx.o" -I../../test_ad9250_bsp/sys_mb/include -mlittle-endian -mxl-barrel-shift -mxl-pattern-compare -mno-xl-soft-div -mcpu=v11.0 -mno-xl-soft-mul -mxl-multiply-high -Wl,--no-relax -ffunction-sections -fdata-sections -MMD -MP -MF"src/drivers/axi_core/jesd204/axi_jesd204_rx.d" -MT"src/drivers/axi_core/jesd204/axi_jesd204_rx.o" -o "src/drivers/axi_core/jesd204/axi_jesd204_rx.o" "../src/drivers/axi_core/jesd204/axi_jesd204_rx.c"
../src/drivers/axi_core/jesd204/axi_jesd204_rx.c: In function 'axi_jesd204_rx_status_read':
../src/drivers/axi_core/jesd204/axi_jesd204_rx.c:206:14: warning: variable 'l_status' set but not used [-Wunused-but-set-variable]
  const char *l_status;
              ^~~~~~~~
../src/drivers/axi_core/jesd204/axi_jesd204_rx.c:205:11: warning: variable 'lmfc_rate' set but not used [-Wunused-but-set-variable]
  uint32_t lmfc_rate;
           ^~~~~~~~~
../src/drivers/axi_core/jesd204/axi_jesd204_rx.c:202:11: warning: variable 'link_rate' set but not used [-Wunused-but-set-variable]
  uint32_t link_rate;
           ^~~~~~~~~
'Finished building: ../src/drivers/axi_core/jesd204/axi_jesd204_rx.c'
' '
'Building target: test_ad9250.elf'
'Invoking: MicroBlaze gcc linker'
mb-gcc -Wl,-T -Wl,../src/lscript.ld -L../../test_ad9250_bsp/sys_mb/lib -mlittle-endian -mxl-barrel-shift -mxl-pattern-compare -mno-xl-soft-div -mcpu=v11.0 -mno-xl-soft-mul -mxl-multiply-high -Wl,--no-relax -Wl,--gc-sections -o "test_ad9250.elf"  ./src/util/util.o  ./src/drivers/spi/spi.o  ./src/drivers/platform/xilinx/axi_io.o ./src/drivers/platform/xilinx/delay.o ./src/drivers/platform/xilinx/gpio.o ./src/drivers/platform/xilinx/xilinx_gpio.o ./src/drivers/platform/xilinx/xilinx_spi.o  ./src/drivers/io-expander/demux_spi/demux_spi.o  ./src/drivers/frequency/ad9517/ad9517.o  ./src/drivers/axi_core/jesd204/axi_adxcvr.o ./src/drivers/axi_core/jesd204/axi_jesd204_rx.o ./src/drivers/axi_core/jesd204/xilinx_transceiver.o  ./src/drivers/axi_core/clk_axi_clkgen/clk_axi_clkgen.o  ./src/drivers/axi_core/axi_dmac/axi_dmac.o  ./src/drivers/axi_core/axi_adc_core/axi_adc_core.o  ./src/drivers/adc/ad9250/ad9250.o  ./src/fmcjesdadc1.o ./src/platform.o   -Wl,--start-group,-lxil,-lgcc,-lc,--end-group
'Finished building target: test_ad9250.elf'
' '
'Invoking: MicroBlaze Print Size'
mb-size test_ad9250.elf  |tee "test_ad9250.elf.size"
   text	   data	    bss	    dec	    hex	filename
 101316	   1988	   3184	 106488	  19ff8	test_ad9250.elf
'Finished building: test_ad9250.elf.size'
' '
17:00:10 **** Incremental Build of configuration Debug for project test_ad9250 ****
make all 
make: Nothing to be done for 'all'.
17:01:52 **** Auto Build of configuration Debug for project test_ad9250 ****
make all 
'Building file: ../src/drivers/axi_core/jesd204/axi_jesd204_rx.c'
'Invoking: MicroBlaze gcc compiler'
mb-gcc -Wall -O0 -g3 -c -fmessage-length=0 -MT"src/drivers/axi_core/jesd204/axi_jesd204_rx.o" -I../../test_ad9250_bsp/sys_mb/include -mlittle-endian -mxl-barrel-shift -mxl-pattern-compare -mno-xl-soft-div -mcpu=v11.0 -mno-xl-soft-mul -mxl-multiply-high -Wl,--no-relax -ffunction-sections -fdata-sections -MMD -MP -MF"src/drivers/axi_core/jesd204/axi_jesd204_rx.d" -MT"src/drivers/axi_core/jesd204/axi_jesd204_rx.o" -o "src/drivers/axi_core/jesd204/axi_jesd204_rx.o" "../src/drivers/axi_core/jesd204/axi_jesd204_rx.c"
../src/drivers/axi_core/jesd204/axi_jesd204_rx.c: In function 'axi_jesd204_rx_status_read':
../src/drivers/axi_core/jesd204/axi_jesd204_rx.c:206:14: warning: variable 'l_status' set but not used [-Wunused-but-set-variable]
  const char *l_status;
              ^~~~~~~~
../src/drivers/axi_core/jesd204/axi_jesd204_rx.c:205:11: warning: variable 'lmfc_rate' set but not used [-Wunused-but-set-variable]
  uint32_t lmfc_rate;
           ^~~~~~~~~
../src/drivers/axi_core/jesd204/axi_jesd204_rx.c:202:11: warning: variable 'link_rate' set but not used [-Wunused-but-set-variable]
  uint32_t link_rate;
           ^~~~~~~~~
'Finished building: ../src/drivers/axi_core/jesd204/axi_jesd204_rx.c'
' '
'Building target: test_ad9250.elf'
'Invoking: MicroBlaze gcc linker'
mb-gcc -Wl,-T -Wl,../src/lscript.ld -L../../test_ad9250_bsp/sys_mb/lib -mlittle-endian -mxl-barrel-shift -mxl-pattern-compare -mno-xl-soft-div -mcpu=v11.0 -mno-xl-soft-mul -mxl-multiply-high -Wl,--no-relax -Wl,--gc-sections -o "test_ad9250.elf"  ./src/util/util.o  ./src/drivers/spi/spi.o  ./src/drivers/platform/xilinx/axi_io.o ./src/drivers/platform/xilinx/delay.o ./src/drivers/platform/xilinx/gpio.o ./src/drivers/platform/xilinx/xilinx_gpio.o ./src/drivers/platform/xilinx/xilinx_spi.o  ./src/drivers/io-expander/demux_spi/demux_spi.o  ./src/drivers/frequency/ad9517/ad9517.o  ./src/drivers/axi_core/jesd204/axi_adxcvr.o ./src/drivers/axi_core/jesd204/axi_jesd204_rx.o ./src/drivers/axi_core/jesd204/xilinx_transceiver.o  ./src/drivers/axi_core/clk_axi_clkgen/clk_axi_clkgen.o  ./src/drivers/axi_core/axi_dmac/axi_dmac.o  ./src/drivers/axi_core/axi_adc_core/axi_adc_core.o  ./src/drivers/adc/ad9250/ad9250.o  ./src/fmcjesdadc1.o ./src/platform.o   -Wl,--start-group,-lxil,-lgcc,-lc,--end-group
'Finished building target: test_ad9250.elf'
' '
'Invoking: MicroBlaze Print Size'
mb-size test_ad9250.elf  |tee "test_ad9250.elf.size"
   text	   data	    bss	    dec	    hex	filename
  99176	   1988	   3180	 104344	  19798	test_ad9250.elf
'Finished building: test_ad9250.elf.size'
' '
17:06:22 **** Auto Build of configuration Debug for project test_ad9250 ****
make all 
'Building file: ../src/fmcjesdadc1.c'
'Invoking: MicroBlaze gcc compiler'
mb-gcc -Wall -O0 -g3 -c -fmessage-length=0 -MT"src/fmcjesdadc1.o" -I../../test_ad9250_bsp/sys_mb/include -mlittle-endian -mxl-barrel-shift -mxl-pattern-compare -mno-xl-soft-div -mcpu=v11.0 -mno-xl-soft-mul -mxl-multiply-high -Wl,--no-relax -ffunction-sections -fdata-sections -MMD -MP -MF"src/fmcjesdadc1.d" -MT"src/fmcjesdadc1.o" -o "src/fmcjesdadc1.o" "../src/fmcjesdadc1.c"
'Finished building: ../src/fmcjesdadc1.c'
' '
'Building target: test_ad9250.elf'
'Invoking: MicroBlaze gcc linker'
mb-gcc -Wl,-T -Wl,../src/lscript.ld -L../../test_ad9250_bsp/sys_mb/lib -mlittle-endian -mxl-barrel-shift -mxl-pattern-compare -mno-xl-soft-div -mcpu=v11.0 -mno-xl-soft-mul -mxl-multiply-high -Wl,--no-relax -Wl,--gc-sections -o "test_ad9250.elf"  ./src/util/util.o  ./src/drivers/spi/spi.o  ./src/drivers/platform/xilinx/axi_io.o ./src/drivers/platform/xilinx/delay.o ./src/drivers/platform/xilinx/gpio.o ./src/drivers/platform/xilinx/xilinx_gpio.o ./src/drivers/platform/xilinx/xilinx_spi.o  ./src/drivers/io-expander/demux_spi/demux_spi.o  ./src/drivers/frequency/ad9517/ad9517.o  ./src/drivers/axi_core/jesd204/axi_adxcvr.o ./src/drivers/axi_core/jesd204/axi_jesd204_rx.o ./src/drivers/axi_core/jesd204/xilinx_transceiver.o  ./src/drivers/axi_core/clk_axi_clkgen/clk_axi_clkgen.o  ./src/drivers/axi_core/axi_dmac/axi_dmac.o  ./src/drivers/axi_core/axi_adc_core/axi_adc_core.o  ./src/drivers/adc/ad9250/ad9250.o  ./src/fmcjesdadc1.o ./src/platform.o   -Wl,--start-group,-lxil,-lgcc,-lc,--end-group
'Finished building target: test_ad9250.elf'
' '
'Invoking: MicroBlaze Print Size'
mb-size test_ad9250.elf  |tee "test_ad9250.elf.size"
   text	   data	    bss	    dec	    hex	filename
  99260	   1988	   3184	 104432	  197f0	test_ad9250.elf
'Finished building: test_ad9250.elf.size'
' '
17:06:28 **** Incremental Build of configuration Debug for project test_ad9250 ****
make all 
make: Nothing to be done for 'all'.
17:07:19 **** Auto Build of configuration Debug for project test_ad9250 ****
make all 
'Building file: ../src/fmcjesdadc1.c'
'Invoking: MicroBlaze gcc compiler'
mb-gcc -Wall -O0 -g3 -c -fmessage-length=0 -MT"src/fmcjesdadc1.o" -I../../test_ad9250_bsp/sys_mb/include -mlittle-endian -mxl-barrel-shift -mxl-pattern-compare -mno-xl-soft-div -mcpu=v11.0 -mno-xl-soft-mul -mxl-multiply-high -Wl,--no-relax -ffunction-sections -fdata-sections -MMD -MP -MF"src/fmcjesdadc1.d" -MT"src/fmcjesdadc1.o" -o "src/fmcjesdadc1.o" "../src/fmcjesdadc1.c"
'Finished building: ../src/fmcjesdadc1.c'
' '
'Building target: test_ad9250.elf'
'Invoking: MicroBlaze gcc linker'
mb-gcc -Wl,-T -Wl,../src/lscript.ld -L../../test_ad9250_bsp/sys_mb/lib -mlittle-endian -mxl-barrel-shift -mxl-pattern-compare -mno-xl-soft-div -mcpu=v11.0 -mno-xl-soft-mul -mxl-multiply-high -Wl,--no-relax -Wl,--gc-sections -o "test_ad9250.elf"  ./src/util/util.o  ./src/drivers/spi/spi.o  ./src/drivers/platform/xilinx/axi_io.o ./src/drivers/platform/xilinx/delay.o ./src/drivers/platform/xilinx/gpio.o ./src/drivers/platform/xilinx/xilinx_gpio.o ./src/drivers/platform/xilinx/xilinx_spi.o  ./src/drivers/io-expander/demux_spi/demux_spi.o  ./src/drivers/frequency/ad9517/ad9517.o  ./src/drivers/axi_core/jesd204/axi_adxcvr.o ./src/drivers/axi_core/jesd204/axi_jesd204_rx.o ./src/drivers/axi_core/jesd204/xilinx_transceiver.o  ./src/drivers/axi_core/clk_axi_clkgen/clk_axi_clkgen.o  ./src/drivers/axi_core/axi_dmac/axi_dmac.o  ./src/drivers/axi_core/axi_adc_core/axi_adc_core.o  ./src/drivers/adc/ad9250/ad9250.o  ./src/fmcjesdadc1.o ./src/platform.o   -Wl,--start-group,-lxil,-lgcc,-lc,--end-group
'Finished building target: test_ad9250.elf'
' '
'Invoking: MicroBlaze Print Size'
mb-size test_ad9250.elf  |tee "test_ad9250.elf.size"
   text	   data	    bss	    dec	    hex	filename
  99260	   1988	   3184	 104432	  197f0	test_ad9250.elf
'Finished building: test_ad9250.elf.size'
' '
17:07:24 **** Incremental Build of configuration Debug for project test_ad9250 ****
make all 
make: Nothing to be done for 'all'.
17:07:33 **** Auto Build of configuration Debug for project test_ad9250 ****
make all 
'Building file: ../src/fmcjesdadc1.c'
'Invoking: MicroBlaze gcc compiler'
mb-gcc -Wall -O0 -g3 -c -fmessage-length=0 -MT"src/fmcjesdadc1.o" -I../../test_ad9250_bsp/sys_mb/include -mlittle-endian -mxl-barrel-shift -mxl-pattern-compare -mno-xl-soft-div -mcpu=v11.0 -mno-xl-soft-mul -mxl-multiply-high -Wl,--no-relax -ffunction-sections -fdata-sections -MMD -MP -MF"src/fmcjesdadc1.d" -MT"src/fmcjesdadc1.o" -o "src/fmcjesdadc1.o" "../src/fmcjesdadc1.c"
'Finished building: ../src/fmcjesdadc1.c'
' '
'Building target: test_ad9250.elf'
'Invoking: MicroBlaze gcc linker'
mb-gcc -Wl,-T -Wl,../src/lscript.ld -L../../test_ad9250_bsp/sys_mb/lib -mlittle-endian -mxl-barrel-shift -mxl-pattern-compare -mno-xl-soft-div -mcpu=v11.0 -mno-xl-soft-mul -mxl-multiply-high -Wl,--no-relax -Wl,--gc-sections -o "test_ad9250.elf"  ./src/util/util.o  ./src/drivers/spi/spi.o  ./src/drivers/platform/xilinx/axi_io.o ./src/drivers/platform/xilinx/delay.o ./src/drivers/platform/xilinx/gpio.o ./src/drivers/platform/xilinx/xilinx_gpio.o ./src/drivers/platform/xilinx/xilinx_spi.o  ./src/drivers/io-expander/demux_spi/demux_spi.o  ./src/drivers/frequency/ad9517/ad9517.o  ./src/drivers/axi_core/jesd204/axi_adxcvr.o ./src/drivers/axi_core/jesd204/axi_jesd204_rx.o ./src/drivers/axi_core/jesd204/xilinx_transceiver.o  ./src/drivers/axi_core/clk_axi_clkgen/clk_axi_clkgen.o  ./src/drivers/axi_core/axi_dmac/axi_dmac.o  ./src/drivers/axi_core/axi_adc_core/axi_adc_core.o  ./src/drivers/adc/ad9250/ad9250.o  ./src/fmcjesdadc1.o ./src/platform.o   -Wl,--start-group,-lxil,-lgcc,-lc,--end-group
'Finished building target: test_ad9250.elf'
' '
'Invoking: MicroBlaze Print Size'
mb-size test_ad9250.elf  |tee "test_ad9250.elf.size"
   text	   data	    bss	    dec	    hex	filename
  99260	   1988	   3184	 104432	  197f0	test_ad9250.elf
'Finished building: test_ad9250.elf.size'
' '
13:21:32 **** Auto Build of configuration Debug for project test_ad9250 ****
make all 
make: Nothing to be done for 'all'.
13:21:40 **** Incremental Build of configuration Debug for project test_ad9250 ****
make all 
make: Nothing to be done for 'all'.
13:15:16 **** Incremental Build of configuration Debug for project test_ad9250 ****
make all 
make: Nothing to be done for 'all'.
12:50:49 **** Incremental Build of configuration Debug for project test_ad9250 ****
make all 
make: Nothing to be done for 'all'.
07:41:00 **** Incremental Build of configuration Debug for project test_ad9250 ****
make all 
make: Nothing to be done for 'all'.
09:52:30 **** Incremental Build of configuration Debug for project test_ad9250 ****
make all 
make: Nothing to be done for 'all'.
09:53:59 **** Incremental Build of configuration Debug for project test_ad9250 ****
make all 
make: Nothing to be done for 'all'.
09:55:21 **** Incremental Build of configuration Debug for project test_ad9250 ****
make all 
make: Nothing to be done for 'all'.
10:35:23 **** Incremental Build of configuration Debug for project test_ad9250 ****
make all 
make: Nothing to be done for 'all'.
12:05:12 **** Incremental Build of configuration Debug for project test_ad9250 ****
make all 
make: Nothing to be done for 'all'.
13:49:58 **** Incremental Build of configuration Debug for project test_ad9250 ****
make all 
make: Nothing to be done for 'all'.
14:48:52 **** Incremental Build of configuration Debug for project test_ad9250 ****
make all 
make: Nothing to be done for 'all'.
16:20:38 **** Incremental Build of configuration Debug for project test_ad9250 ****
make all 
make: Nothing to be done for 'all'.
17:13:18 **** Incremental Build of configuration Debug for project test_ad9250 ****
make all 
make: Nothing to be done for 'all'.
18:41:04 **** Incremental Build of configuration Debug for project test_ad9250 ****
make all 
make: Nothing to be done for 'all'.
16:50:01 **** Incremental Build of configuration Debug for project test_ad9250 ****
make all 
make: Nothing to be done for 'all'.
